Component: ARM Compiler 5.06 update 6 (build 750) Tool: armlink [4d35ed]

==============================================================================

Section Cross References

    startup_stm32f407xx.o(STACK) refers (Special) to heapauxi.o(.text) for __use_two_region_memory
    startup_stm32f407xx.o(HEAP) refers (Special) to heapauxi.o(.text) for __use_two_region_memory
    startup_stm32f407xx.o(RESET) refers (Special) to heapauxi.o(.text) for __use_two_region_memory
    startup_stm32f407xx.o(RESET) refers to startup_stm32f407xx.o(STACK) for __initial_sp
    startup_stm32f407xx.o(RESET) refers to startup_stm32f407xx.o(.text) for Reset_Handler
    startup_stm32f407xx.o(RESET) refers to stm32f4xx_it.o(i.NMI_Handler) for NMI_Handler
    startup_stm32f407xx.o(RESET) refers to stm32f4xx_it.o(i.HardFault_Handler) for HardFault_Handler
    startup_stm32f407xx.o(RESET) refers to stm32f4xx_it.o(i.MemManage_Handler) for MemManage_Handler
    startup_stm32f407xx.o(RESET) refers to stm32f4xx_it.o(i.BusFault_Handler) for BusFault_Handler
    startup_stm32f407xx.o(RESET) refers to stm32f4xx_it.o(i.UsageFault_Handler) for UsageFault_Handler
    startup_stm32f407xx.o(RESET) refers to stm32f4xx_it.o(i.SVC_Handler) for SVC_Handler
    startup_stm32f407xx.o(RESET) refers to stm32f4xx_it.o(i.DebugMon_Handler) for DebugMon_Handler
    startup_stm32f407xx.o(RESET) refers to stm32f4xx_it.o(i.PendSV_Handler) for PendSV_Handler
    startup_stm32f407xx.o(RESET) refers to stm32f4xx_it.o(i.SysTick_Handler) for SysTick_Handler
    startup_stm32f407xx.o(RESET) refers to stm32f4xx_it.o(i.TIM2_IRQHandler) for TIM2_IRQHandler
    startup_stm32f407xx.o(RESET) refers to stm32f4xx_it.o(i.USART1_IRQHandler) for USART1_IRQHandler
    startup_stm32f407xx.o(.text) refers (Special) to heapauxi.o(.text) for __use_two_region_memory
    startup_stm32f407xx.o(.text) refers to system_stm32f4xx.o(i.SystemInit) for SystemInit
    startup_stm32f407xx.o(.text) refers to __main.o(!!!main) for __main
    startup_stm32f407xx.o(.text) refers to startup_stm32f407xx.o(HEAP) for Heap_Mem
    startup_stm32f407xx.o(.text) refers to startup_stm32f407xx.o(STACK) for Stack_Mem
    main.o(i.HAL_TIM_PeriodElapsedCallback) refers to motor.o(i.MotorTuning) for MotorTuning
    main.o(i.HAL_TIM_PeriodElapsedCallback) refers to motor.o(i.MotorMovePos) for MotorMovePos
    main.o(i.HAL_TIM_PeriodElapsedCallback) refers to tim.o(.bss) for htim2
    main.o(i.HAL_TIM_PeriodElapsedCallback) refers to motor.o(.data) for tProcess
    main.o(i.SystemClock_Config) refers to rt_memclr_w.o(.text) for __aeabi_memclr4
    main.o(i.SystemClock_Config) refers to stm32f4xx_hal_rcc.o(i.HAL_RCC_OscConfig) for HAL_RCC_OscConfig
    main.o(i.SystemClock_Config) refers to stm32f4xx_hal_rcc.o(i.HAL_RCC_ClockConfig) for HAL_RCC_ClockConfig
    main.o(i.main) refers to _printf_percent.o(.ARM.Collect$$_printf_percent$$00000000) for _printf_percent
    main.o(i.main) refers to _printf_s.o(.ARM.Collect$$_printf_percent$$00000014) for _printf_s
    main.o(i.main) refers to _printf_str.o(.text) for _printf_str
    main.o(i.main) refers to stm32f4xx_hal.o(i.HAL_Init) for HAL_Init
    main.o(i.main) refers to main.o(i.SystemClock_Config) for SystemClock_Config
    main.o(i.main) refers to gpio.o(i.MX_GPIO_Init) for MX_GPIO_Init
    main.o(i.main) refers to tim.o(i.MX_TIM2_Init) for MX_TIM2_Init
    main.o(i.main) refers to tim.o(i.MX_TIM3_Init) for MX_TIM3_Init
    main.o(i.main) refers to tim.o(i.MX_TIM4_Init) for MX_TIM4_Init
    main.o(i.main) refers to usart.o(i.MX_USART1_UART_Init) for MX_USART1_UART_Init
    main.o(i.main) refers to serial.o(i.SerialInit) for SerialInit
    main.o(i.main) refers to motor.o(i.MotorInit) for MotorInit
    main.o(i.main) refers to serial.o(i.StrCompare) for StrCompare
    main.o(i.main) refers to serial.o(i.SerialAcceptReceive) for SerialAcceptReceive
    main.o(i.main) refers to serial.o(i.SerialWriteComm) for SerialWriteComm
    main.o(i.main) refers to pid.o(i.PIDReset) for PIDReset
    main.o(i.main) refers to dflt_clz.o(x$fpl$dfltu) for __aeabi_ui2d
    main.o(i.main) refers to pow.o(i.__hardfp_pow) for __hardfp_pow
    main.o(i.main) refers to ddiv.o(x$fpl$ddiv) for __aeabi_ddiv
    main.o(i.main) refers to daddsub_clz.o(x$fpl$dadd) for __aeabi_dadd
    main.o(i.main) refers to d2f.o(x$fpl$d2f) for __aeabi_d2f
    main.o(i.main) refers to noretval__2sprintf.o(.text) for __2sprintf
    main.o(i.main) refers to stm32f4xx_hal.o(i.HAL_Delay) for HAL_Delay
    main.o(i.main) refers to motor.o(.data) for tProcess
    main.o(i.main) refers to motor.o(.bss) for tPIDControl
    main.o(i.main) refers to main.o(.data) for .data
    main.o(i.main) refers to serial.o(.data) for g_bDataAvailable
    main.o(i.main) refers to tim.o(.bss) for htim4
    main.o(i.main) refers to pid.o(.data) for g_dPIDError
    gpio.o(i.MX_GPIO_Init) refers to rt_memclr_w.o(.text) for __aeabi_memclr4
[...]
    i.HAL_UART_MspInit                       0x08001cdc   Section        0  usart.o(i.HAL_UART_MspInit)
    i.HAL_UART_Receive_IT                    0x08001d54   Section        0  stm32f4xx_hal_uart.o(i.HAL_UART_Receive_IT)
    i.HAL_UART_RxCpltCallback                0x08001d80   Section        0  serial.o(i.HAL_UART_RxCpltCallback)
    i.HAL_UART_Transmit                      0x08001da4   Section        0  stm32f4xx_hal_uart.o(i.HAL_UART_Transmit)
    i.HAL_UART_TxCpltCallback                0x08001e56   Section        0  stm32f4xx_hal_uart.o(i.HAL_UART_TxCpltCallback)
    i.HardFault_Handler                      0x08001e58   Section        0  stm32f4xx_it.o(i.HardFault_Handler)
    i.MX_GPIO_Init                           0x08001e5c   Section        0  gpio.o(i.MX_GPIO_Init)
    i.MX_TIM2_Init                           0x08001edc   Section        0  tim.o(i.MX_TIM2_Init)
    i.MX_TIM3_Init                           0x08001f40   Section        0  tim.o(i.MX_TIM3_Init)
    i.MX_TIM4_Init                           0x08001fb0   Section        0  tim.o(i.MX_TIM4_Init)
    i.MX_USART1_UART_Init                    0x0800201c   Section        0  usart.o(i.MX_USART1_UART_Init)
    i.MemManage_Handler                      0x08002054   Section        0  stm32f4xx_it.o(i.MemManage_Handler)
    i.MotorInit                              0x08002058   Section        0  motor.o(i.MotorInit)
    i.MotorMovePos                           0x080020b0   Section        0  motor.o(i.MotorMovePos)
    i.MotorSetDir                            0x08002250   Section        0  motor.o(i.MotorSetDir)
    i.MotorTuning                            0x08002270   Section        0  motor.o(i.MotorTuning)
    i.NMI_Handler                            0x080022f4   Section        0  stm32f4xx_it.o(i.NMI_Handler)
    i.PIDCompute                             0x080022f8   Section        0  pid.o(i.PIDCompute)
    i.PIDInit                                0x08002350   Section        0  pid.o(i.PIDInit)
    i.PIDReset                               0x08002378   Section        0  pid.o(i.PIDReset)
    i.PendSV_Handler                         0x08002394   Section        0  stm32f4xx_it.o(i.PendSV_Handler)
    i.SVC_Handler                            0x08002396   Section        0  stm32f4xx_it.o(i.SVC_Handler)
    i.SerialAcceptReceive                    0x08002398   Section        0  serial.o(i.SerialAcceptReceive)
    i.SerialInit                             0x080023ac   Section        0  serial.o(i.SerialInit)
    i.SerialParse                            0x080023c0   Section        0  serial.o(i.SerialParse)
    i.SerialWriteComm                        0x08002420   Section        0  serial.o(i.SerialWriteComm)
    i.StrCompare                             0x08002478   Section        0  serial.o(i.StrCompare)
    i.SysTick_Handler                        0x08002494   Section        0  stm32f4xx_it.o(i.SysTick_Handler)
    i.SystemClock_Config                     0x08002498   Section        0  main.o(i.SystemClock_Config)
    i.SystemInit                             0x08002528   Section        0  system_stm32f4xx.o(i.SystemInit)
    i.TIM2_IRQHandler                        0x08002538   Section        0  stm32f4xx_it.o(i.TIM2_IRQHandler)
    i.TIM_Base_SetConfig                     0x08002544   Section        0  stm32f4xx_hal_tim.o(i.TIM_Base_SetConfig)
    i.TIM_CCxChannelCmd                      0x0800260c   Section        0  stm32f4xx_hal_tim.o(i.TIM_CCxChannelCmd)
    i.TIM_ETR_SetConfig                      0x08002626   Section        0  stm32f4xx_hal_tim.o(i.TIM_ETR_SetConfig)
    i.TIM_ITRx_SetConfig                     0x0800263a   Section        0  stm32f4xx_hal_tim.o(i.TIM_ITRx_SetConfig)
    TIM_ITRx_SetConfig                       0x0800263b   Thumb Code    16  stm32f4xx_hal_tim.o(i.TIM_ITRx_SetConfig)
    i.TIM_OC1_SetConfig                      0x0800264c   Section        0  stm32f4xx_hal_tim.o(i.TIM_OC1_SetConfig)
    TIM_OC1_SetConfig                        0x0800264d   Thumb Code    88  stm32f4xx_hal_tim.o(i.TIM_OC1_SetConfig)
    i.TIM_OC2_SetConfig                      0x080026ac   Section        0  stm32f4xx_hal_tim.o(i.TIM_OC2_SetConfig)
    i.TIM_OC3_SetConfig                      0x08002718   Section        0  stm32f4xx_hal_tim.o(i.TIM_OC3_SetConfig)
    TIM_OC3_SetConfig                        0x08002719   Thumb Code    96  stm32f4xx_hal_tim.o(i.TIM_OC3_SetConfig)
    i.TIM_OC4_SetConfig                      0x08002780   Section        0  stm32f4xx_hal_tim.o(i.TIM_OC4_SetConfig)
    TIM_OC4_SetConfig                        0x08002781   Thumb Code    70  stm32f4xx_hal_tim.o(i.TIM_OC4_SetConfig)
    i.TIM_TI1_ConfigInputStage               0x080027d0   Section        0  stm32f4xx_hal_tim.o(i.TIM_TI1_ConfigInputStage)
    TIM_TI1_ConfigInputStage                 0x080027d1   Thumb Code    34  stm32f4xx_hal_tim.o(i.TIM_TI1_ConfigInputStage)
    i.TIM_TI2_ConfigInputStage               0x080027f2   Section        0  stm32f4xx_hal_tim.o(i.TIM_TI2_ConfigInputStage)
    TIM_TI2_ConfigInputStage                 0x080027f3   Thumb Code    36  stm32f4xx_hal_tim.o(i.TIM_TI2_ConfigInputStage)
    i.UART_DMAAbortOnError                   0x08002816   Section        0  stm32f4xx_hal_uart.o(i.UART_DMAAbortOnError)
    UART_DMAAbortOnError                     0x08002817   Thumb Code    16  stm32f4xx_hal_uart.o(i.UART_DMAAbortOnError)
    i.UART_EndRxTransfer                     0x08002826   Section        0  stm32f4xx_hal_uart.o(i.UART_EndRxTransfer)
    UART_EndRxTransfer                       0x08002827   Thumb Code    78  stm32f4xx_hal_uart.o(i.UART_EndRxTransfer)
    i.UART_Receive_IT                        0x08002874   Section        0  stm32f4xx_hal_uart.o(i.UART_Receive_IT)
    UART_Receive_IT                          0x08002875   Thumb Code   192  stm32f4xx_hal_uart.o(i.UART_Receive_IT)
    i.UART_SetConfig                         0x08002934   Section        0  stm32f4xx_hal_uart.o(i.UART_SetConfig)
    UART_SetConfig                           0x08002935   Thumb Code   258  stm32f4xx_hal_uart.o(i.UART_SetConfig)
    i.UART_Start_Receive_IT                  0x08002a40   Section        0  stm32f4xx_hal_uart.o(i.UART_Start_Receive_IT)
    i.UART_WaitOnFlagUntilTimeout            0x08002a7a   Section        0  stm32f4xx_hal_uart.o(i.UART_WaitOnFlagUntilTimeout)
    UART_WaitOnFlagUntilTimeout              0x08002a7b   Thumb Code   120  stm32f4xx_hal_uart.o(i.UART_WaitOnFlagUntilTimeout)
    i.USART1_IRQHandler                      0x08002af4   Section        0  stm32f4xx_it.o(i.USART1_IRQHandler)
    i.UsageFault_Handler                     0x08002b00   Section        0  stm32f4xx_it.o(i.UsageFault_Handler)
    i.__ARM_fpclassify                       0x08002b02   Section        0  fpclassify.o(i.__ARM_fpclassify)
    i.__NVIC_SetPriority                     0x08002b32   Section        0  stm32f4xx_hal_cortex.o(i.__NVIC_SetPriority)
    __NVIC_SetPriority                       0x08002b33   Thumb Code    32  stm32f4xx_hal_cortex.o(i.__NVIC_SetPriority)
    i.__hardfp_pow                           0x08002b58   Section        0  pow.o(i.__hardfp_pow)
    i.__kernel_poly                          0x080037a8   Section        0  poly.o(i.__kernel_poly)
    i.__mathlib_dbl_divzero                  0x080038a0   Section        0  dunder.o(i.__mathlib_dbl_divzero)
    i.__mathlib_dbl_infnan2                  0x080038d0   Section        0  dunder.o(i.__mathlib_dbl_infnan2)
    i.__mathlib_dbl_invalid                  0x080038e8   Section        0  dunder.o(i.__mathlib_dbl_invalid)
    i.__mathlib_dbl_overflow                 0x08003908   Section        0  dunder.o(i.__mathlib_dbl_overflow)
    i.__mathlib_dbl_underflow                0x08003928   Section        0  dunder.o(i.__mathlib_dbl_underflow)
    i.fabs                                   0x08003948   Section        0  fabs.o(i.fabs)
    i.main                                   0x08003960   Section        0  main.o(i.main)
    i.sqrt                                   0x08003dc8   Section        0  sqrt.o(i.sqrt)
    i.subString                              0x08003e36   Section        0  serial.o(i.subString)
    x$fpl$basic                              0x08003e58   Section       24  basic.o(x$fpl$basic)
    $v0                                      0x08003e58   Number         0  basic.o(x$fpl$basic)
    x$fpl$d2f                                0x08003e70   Section       98  d2f.o(x$fpl$d2f)
    $v0                                      0x08003e70   Number         0  d2f.o(x$fpl$d2f)
    x$fpl$dadd                               0x08003ed4   Section      336  daddsub_clz.o(x$fpl$dadd)
    $v0                                      0x08003ed4   Number         0  daddsub_clz.o(x$fpl$dadd)
    _dadd1                                   0x08003ee5   Thumb Code     0  daddsub_clz.o(x$fpl$dadd)
    x$fpl$dcheck1                            0x08004024   Section       16  dcheck1.o(x$fpl$dcheck1)
    $v0                                      0x08004024   Number         0  dcheck1.o(x$fpl$dcheck1)
    x$fpl$dcmpinf                            0x08004034   Section       24  dcmpi.o(x$fpl$dcmpinf)
    $v0                                      0x08004034   Number         0  dcmpi.o(x$fpl$dcmpinf)
    x$fpl$ddiv                               0x0800404c   Section      688  ddiv.o(x$fpl$ddiv)
    $v0                                      0x0800404c   Number         0  ddiv.o(x$fpl$ddiv)
    ddiv_entry                               0x08004053   Thumb Code     0  ddiv.o(x$fpl$ddiv)
    x$fpl$dflt                               0x080042fc   Section       46  dflt_clz.o(x$fpl$dflt)
    $v0                                      0x080042fc   Number         0  dflt_clz.o(x$fpl$dflt)
    x$fpl$dfltu                              0x0800432a   Section       38  dflt_clz.o(x$fpl$dfltu)
    $v0                                      0x0800432a   Number         0  dflt_clz.o(x$fpl$dfltu)
    x$fpl$dleqf                              0x08004350   Section      120  dleqf.o(x$fpl$dleqf)
    $v0                                      0x08004350   Number         0  dleqf.o(x$fpl$dleqf)
    x$fpl$dmul                               0x080043c8   Section      340  dmul.o(x$fpl$dmul)
    $v0                                      0x080043c8   Number         0  dmul.o(x$fpl$dmul)
    x$fpl$dnaninf                            0x0800451c   Section      156  dnaninf.o(x$fpl$dnaninf)
    $v0                                      0x0800451c   Number         0  dnaninf.o(x$fpl$dnaninf)
    x$fpl$dretinf                            0x080045b8   Section       12  dretinf.o(x$fpl$dretinf)
    $v0                                      0x080045b8   Number         0  dretinf.o(x$fpl$dretinf)
    x$fpl$drleqf                             0x080045c4   Section      108  drleqf.o(x$fpl$drleqf)
    $v0                                      0x080045c4   Number         0  drleqf.o(x$fpl$drleqf)
    x$fpl$drsb                               0x08004630   Section       22  daddsub_clz.o(x$fpl$drsb)
    $v0                                      0x08004630   Number         0  daddsub_clz.o(x$fpl$drsb)
    x$fpl$dsqrt                              0x08004648   Section      408  dsqrt_umaal.o(x$fpl$dsqrt)
    $v0                                      0x08004648   Number         0  dsqrt_umaal.o(x$fpl$dsqrt)
    x$fpl$dsub                               0x080047e0   Section      468  daddsub_clz.o(x$fpl$dsub)
    $v0                                      0x080047e0   Number         0  daddsub_clz.o(x$fpl$dsub)
    _dsub1                                   0x080047f1   Thumb Code     0  daddsub_clz.o(x$fpl$dsub)
    x$fpl$f2d                                0x080049b4   Section       86  f2d.o(x$fpl$f2d)
    $v0                                      0x080049b4   Number         0  f2d.o(x$fpl$f2d)
    x$fpl$fnaninf                            0x08004a0a   Section      140  fnaninf.o(x$fpl$fnaninf)
    $v0                                      0x08004a0a   Number         0  fnaninf.o(x$fpl$fnaninf)
    x$fpl$fpinit                             0x08004a96   Section       10  fpinit.o(x$fpl$fpinit)
    $v0                                      0x08004a96   Number         0  fpinit.o(x$fpl$fpinit)
    x$fpl$fretinf                            0x08004aa0   Section       10  fretinf.o(x$fpl$fretinf)
    $v0                                      0x08004aa0   Number         0  fretinf.o(x$fpl$fretinf)
    x$fpl$retnan                             0x08004aaa   Section      100  retnan.o(x$fpl$retnan)
    $v0                                      0x08004aaa   Number         0  retnan.o(x$fpl$retnan)
    x$fpl$scalbn                             0x08004b0e   Section       92  scalbn.o(x$fpl$scalbn)
    $v0                                      0x08004b0e   Number         0  scalbn.o(x$fpl$scalbn)
    x$fpl$trapveneer                         0x08004b6a   Section       48  trapv.o(x$fpl$trapveneer)
    $v0                                      0x08004b6a   Number         0  trapv.o(x$fpl$trapveneer)
    .constdata                               0x08004b9a   Section       16  system_stm32f4xx.o(.constdata)
    x$fpl$usenofp                            0x08004b9a   Section        0  usenofp.o(x$fpl$usenofp)
    .constdata                               0x08004baa   Section        8  system_stm32f4xx.o(.constdata)
    .constdata                               0x08004bb8   Section      136  pow.o(.constdata)
    bp                                       0x08004bb8   Data          16  pow.o(.constdata)
    dp_h                                     0x08004bc8   Data          16  pow.o(.constdata)
    dp_l                                     0x08004bd8   Data          16  pow.o(.constdata)
    L                                        0x08004be8   Data          48  pow.o(.constdata)
    P                                        0x08004c18   Data          40  pow.o(.constdata)
    .constdata                               0x08004c40   Section        8  qnan.o(.constdata)
    .data                                    0x20000000   Section       15  main.o(.data)
    .data                                    0x20000010   Section       20  motor.o(.data)
    .data                                    0x20000024   Section        4  pid.o(.data)
    .data                                    0x20000028   Section       19  serial.o(.data)
    .data                                    0x2000003c   Section       12  stm32f4xx_hal.o(.data)
    .data                                    0x20000048   Section        4  system_stm32f4xx.o(.data)
    .bss                                     0x2000004c   Section      216  tim.o(.bss)
    .bss                                     0x20000124   Section       68  usart.o(.bss)
    .bss                                     0x20000168   Section     2472  motor.o(.bss)
    .bss                                     0x20000b10   Section       18  serial.o(.bss)
    .bss                                     0x20000b24   Section       96  libspace.o(.bss)
    HEAP                                     0x20000b88   Section      512  startup_stm32f407xx.o(HEAP)
    Heap_Mem                                 0x20000b88   Data         512  startup_stm32f407xx.o(HEAP)
    STACK                                    0x20000d88   Section     1024  startup_stm32f407xx.o(STACK)
    Stack_Mem                                0x20000d88   Data        1024  startup_stm32f407xx.o(STACK)
    __initial_sp                             0x20001188   Data           0  startup_stm32f407xx.o(STACK)

    Global Symbols

    Symbol Name                              Value     Ov Type        Size  Object(Section)

    BuildAttributes$$THM_ISAv4$E$P$D$K$B$S$7EM$VFPi3$EXTD16$VFPS$VFMA$PE$A:L22UL41UL21$X:L11$S22US41US21$IEEE1$IW$USESV6$~STKCKD$USESV7$~SHL$OTIME$ROPI$IEEEX$EBA8$UX$STANDARDLIB$REQ8$PRES8$EABIv2 0x00000000   Number         0  anon$$obj.o ABSOLUTE
    __ARM_use_no_argv                        0x00000000   Number         0  main.o ABSOLUTE
    __ARM_exceptions_init                     - Undefined Weak Reference
    __alloca_initialize                       - Undefined Weak Reference
    __arm_preinit_                            - Undefined Weak Reference
    __cpp_initialize__aeabi_                  - Undefined Weak Reference
    __cxa_finalize                            - Undefined Weak Reference
    __rt_locale                               - Undefined Weak Reference
    __sigvec_lookup                           - Undefined Weak Reference
    __user_heap_extent                        - Undefined Weak Reference
    _atexit_init                              - Undefined Weak Reference
    _call_atexit_fns                          - Undefined Weak Reference
    _clock_init                               - Undefined Weak Reference
    _fp_trap_init                             - Undefined Weak Reference
    _fp_trap_shutdown                         - Undefined Weak Reference
    _get_lc_collate                           - Undefined Weak Reference
    _get_lc_ctype                             - Undefined Weak Reference
    _get_lc_monetary                          - Undefined Weak Reference
    _get_lc_numeric                           - Undefined Weak Reference
    _get_lc_time                              - Undefined Weak Reference
    _getenv_init                              - Undefined Weak Reference
    _handle_redirection                       - Undefined Weak Reference
    _initio                                   - Undefined Weak Reference
    _mutex_acquire                            - Undefined Weak Reference
    _mutex_free                               - Undefined Weak Reference
    _mutex_release                            - Undefined Weak Reference
    _printf_mbtowc                            - Undefined Weak Reference
    _printf_post_padding                      - Undefined Weak Reference
    _printf_pre_padding                       - Undefined Weak Reference
    _rand_init                                - Undefined Weak Reference
    _signal_finish                            - Undefined Weak Reference
    _signal_init                              - Undefined Weak Reference
    _terminateio                              - Undefined Weak Reference
    __Vectors_Size                           0x00000188   Number         0  startup_stm32f407xx.o ABSOLUTE
    __Vectors                                0x08000000   Data           4  startup_stm32f407xx.o(RESET)
    __Vectors_End                            0x08000188   Data           0  startup_stm32f407xx.o(RESET)
    __main                                   0x08000189   Thumb Code     8  __main.o(!!!main)
    __scatterload                            0x08000191   Thumb Code     0  __scatter.o(!!!scatter)
    __scatterload_rt2                        0x08000191   Thumb Code    44  __scatter.o(!!!scatter)
    __scatterload_rt2_thumb_only             0x08000191   Thumb Code     0  __scatter.o(!!!scatter)
    __scatterload_null                       0x0800019f   Thumb Code     0  __scatter.o(!!!scatter)
    __scatterload_copy                       0x080001c5   Thumb Code    26  __scatter_copy.o(!!handler_copy)
    __scatterload_zeroinit                   0x080001e1   Thumb Code    28  __scatter_zi.o(!!handler_zi)
    _printf_percent                          0x080001fd   Thumb Code     0  _printf_percent.o(.ARM.Collect$$_printf_percent$$00000000)
    _printf_s                                0x080001fd   Thumb Code     0  _printf_s.o(.ARM.Collect$$_printf_percent$$00000014)
    _printf_percent_end                      0x08000203   Thumb Code     0  _printf_percent_end.o(.ARM.Collect$$_printf_percent$$00000017)
    __rt_lib_init                            0x08000207   Thumb Code     0  libinit.o(.ARM.Collect$$libinit$$00000000)
    __rt_lib_init_fp_1                       0x08000209   Thumb Code     0  libinit2.o(.ARM.Collect$$libinit$$00000001)
    __rt_lib_init_heap_2                     0x0800020d   Thumb Code     0  libinit2.o(.ARM.Collect$$libinit$$00000005)
    __rt_lib_init_preinit_1                  0x0800020d   Thumb Code     0  libinit2.o(.ARM.Collect$$libinit$$00000004)
    __rt_lib_init_alloca_1                   0x08000215   Thumb Code     0  libinit2.o(.ARM.Collect$$libinit$$0000002E)
    __rt_lib_init_argv_1                     0x08000215   Thumb Code     0  libinit2.o(.ARM.Collect$$libinit$$0000002C)
    __rt_lib_init_atexit_1                   0x08000215   Thumb Code     0  libinit2.o(.ARM.Collect$$libinit$$0000001B)
    __rt_lib_init_clock_1                    0x08000215   Thumb Code     0  libinit2.o(.ARM.Collect$$libinit$$00000021)
    __rt_lib_init_cpp_1                      0x08000215   Thumb Code     0  libinit2.o(.ARM.Collect$$libinit$$00000032)
    __rt_lib_init_exceptions_1               0x08000215   Thumb Code     0  libinit2.o(.ARM.Collect$$libinit$$00000030)
    __rt_lib_init_fp_trap_1                  0x08000215   Thumb Code     0  libinit2.o(.ARM.Collect$$libinit$$0000001F)
    __rt_lib_init_getenv_1                   0x08000215   Thumb Code     0  libinit2.o(.ARM.Collect$$libinit$$00000023)
    __rt_lib_init_heap_1                     0x08000215   Thumb Code     0  libinit2.o(.ARM.Collect$$libinit$$0000000A)
    __rt_lib_init_lc_collate_1               0x08000215   Thumb Code     0  libinit2.o(.ARM.Collect$$libinit$$00000011)
    __rt_lib_init_lc_ctype_1                 0x08000215   Thumb Code     0  libinit2.o(.ARM.Collect$$libinit$$00000013)
    __rt_lib_init_lc_monetary_1              0x08000215   Thumb Code     0  libinit2.o(.ARM.Collect$$libinit$$00000015)
    __rt_lib_init_lc_numeric_1               0x08000215   Thumb Code     0  libinit2.o(.ARM.Collect$$libinit$$00000017)
    __rt_lib_init_lc_time_1                  0x08000215   Thumb Code     0  libinit2.o(.ARM.Collect$$libinit$$00000019)
    __rt_lib_init_rand_1                     0x08000215   Thumb Code     0  libinit2.o(.ARM.Collect$$libinit$$0000000E)
    __rt_lib_init_return                     0x08000215   Thumb Code     0  libinit2.o(.ARM.Collect$$libinit$$00000033)
    __rt_lib_init_signal_1                   0x08000215   Thumb Code     0  libinit2.o(.ARM.Collect$$libinit$$0000001D)
    __rt_lib_init_stdio_1                    0x08000215   Thumb Code     0  libinit2.o(.ARM.Collect$$libinit$$00000025)
    __rt_lib_init_user_alloc_1               0x08000215   Thumb Code     0  libinit2.o(.ARM.Collect$$libinit$$0000000C)
    __rt_lib_shutdown                        0x08000217   Thumb Code     0  libshutdown.o(.ARM.Collect$$libshutdown$$00000000)
    __rt_lib_shutdown_cpp_1                  0x08000219   Thumb Code     0  libshutdown2.o(.ARM.Collect$$libshutdown$$00000002)
    __rt_lib_shutdown_fp_trap_1              0x08000219   Thumb Code     0  libshutdown2.o(.ARM.Collect$$libshutdown$$00000007)
    __rt_lib_shutdown_heap_1                 0x08000219   Thumb Code     0  libshutdown2.o(.ARM.Collect$$libshutdown$$0000000F)
    __rt_lib_shutdown_return                 0x08000219   Thumb Code     0  libshutdown2.o(.ARM.Collect$$libshutdown$$00000010)
    __rt_lib_shutdown_signal_1               0x08000219   Thumb Code     0  libshutdown2.o(.ARM.Collect$$libshutdown$$0000000A)
    __rt_lib_shutdown_stdio_1                0x08000219   Thumb Code     0  libshutdown2.o(.ARM.Collect$$libshutdown$$00000004)
    __rt_lib_shutdown_user_alloc_1           0x08000219   Thumb Code     0  libshutdown2.o(.ARM.Collect$$libshutdown$$0000000C)
    __rt_entry                               0x0800021b   Thumb Code     0  __rtentry.o(.ARM.Collect$$rtentry$$00000000)
    __rt_entry_presh_1                       0x0800021b   Thumb Code     0  __rtentry2.o(.ARM.Collect$$rtentry$$00000002)
    __rt_entry_sh                            0x0800021b   Thumb Code     0  __rtentry4.o(.ARM.Collect$$rtentry$$00000004)
    __rt_entry_li                            0x08000221   Thumb Code     0  __rtentry2.o(.ARM.Collect$$rtentry$$0000000A)
    __rt_entry_postsh_1                      0x08000221   Thumb Code     0  __rtentry2.o(.ARM.Collect$$rtentry$$00000009)
    __rt_entry_main                          0x08000225   Thumb Code     0  __rtentry2.o(.ARM.Collect$$rtentry$$0000000D)
    __rt_entry_postli_1                      0x08000225   Thumb Code     0  __rtentry2.o(.ARM.Collect$$rtentry$$0000000C)
    __rt_exit                                0x0800022d   Thumb Code     0  rtexit.o(.ARM.Collect$$rtexit$$00000000)
    __rt_exit_ls                             0x0800022f   Thumb Code     0  rtexit2.o(.ARM.Collect$$rtexit$$00000003)
    __rt_exit_prels_1                        0x0800022f   Thumb Code     0  rtexit2.o(.ARM.Collect$$rtexit$$00000002)
    __rt_exit_exit                           0x08000233   Thumb Code     0  rtexit2.o(.ARM.Collect$$rtexit$$00000004)
    Reset_Handler                            0x08000239   Thumb Code     8  startup_stm32f407xx.o(.text)
    _maybe_terminate_alloc                   0x08000239   Thumb Code     0  maybetermalloc1.o(.emb_text)
    ADC_IRQHandler                           0x08000253   Thumb Code     0  startup_stm32f407xx.o(.text)
    CAN1_RX0_IRQHandler                      0x08000253   Thumb Code     0  startup_stm32f407xx.o(.text)
    CAN1_RX1_IRQHandler                      0x08000253   Thumb Code     0  startup_stm32f407xx.o(.text)
    CAN1_SCE_IRQHandler                      0x08000253   Thumb Code     0  startup_stm32f407xx.o(.text)
    CAN1_TX_IRQHandler                       0x08000253   Thumb Code     0  startup_stm32f407xx.o(.text)
    CAN2_RX0_IRQHandler                      0x08000253   Thumb Code     0  startup_stm32f407xx.o(.text)
    CAN2_RX1_IRQHandler                      0x08000253   Thumb Code     0  startup_stm32f407xx.o(.text)
    CAN2_SCE_IRQHandler                      0x08000253   Thumb Code     0  startup_stm32f407xx.o(.text)
    CAN2_TX_IRQHandler                       0x08000253   Thumb Code     0  startup_stm32f407xx.o(.text)
    DCMI_IRQHandler                          0x08000253   Thumb Code     0  startup_stm32f407xx.o(.text)
    DMA1_Stream0_IRQHandler                  0x08000253   Thumb Code     0  startup_stm32f407xx.o(.text)
    DMA1_Stream1_IRQHandler                  0x08000253   Thumb Code     0  startup_stm32f407xx.o(.text)
    DMA1_Stream2_IRQHandler                  0x08000253   Thumb Code     0  startup_stm32f407xx.o(.text)
    DMA1_Stream3_IRQHandler                  0x08000253   Thumb Code     0  startup_stm32f407xx.o(.text)
    DMA1_Stream4_IRQHandler                  0x08000253   Thumb Code     0  startup_stm32f407xx.o(.text)
    DMA1_Stream5_IRQHandler                  0x08000253   Thumb Code     0  startup_stm32f407xx.o(.text)
    DMA1_Stream6_IRQHandler                  0x08000253   Thumb Code     0  startup_stm32f407xx.o(.text)
    DMA1_Stream7_IRQHandler                  0x08000253   Thumb Code     0  startup_stm32f407xx.o(.text)
    DMA2_Stream0_IRQHandler                  0x08000253   Thumb Code     0  startup_stm32f407xx.o(.text)
    DMA2_Stream1_IRQHandler                  0x08000253   Thumb Code     0  startup_stm32f407xx.o(.text)
    DMA2_Stream2_IRQHandler                  0x08000253   Thumb Code     0  startup_stm32f407xx.o(.text)
    DMA2_Stream3_IRQHandler                  0x08000253   Thumb Code     0  startup_stm32f407xx.o(.text)
    DMA2_Stream4_IRQHandler                  0x08000253   Thumb Code     0  startup_stm32f407xx.o(.text)
    DMA2_Stream5_IRQHandler                  0x08000253   Thumb Code     0  startup_stm32f407xx.o(.text)
    DMA2_Stream6_IRQHandler                  0x08000253   Thumb Code     0  startup_stm32f407xx.o(.text)
    DMA2_Stream7_IRQHandler                  0x08000253   Thumb Code     0  startup_stm32f407xx.o(.text)
    ETH_IRQHandler                           0x08000253   Thumb Code     0  startup_stm32f407xx.o(.text)
    ETH_WKUP_IRQHandler                      0x08000253   Thumb Code     0  startup_stm32f407xx.o(.text)
    EXTI0_IRQHandler                         0x08000253   Thumb Code     0  startup_stm32f407xx.o(.text)
    EXTI15_10_IRQHandler                     0x08000253   Thumb Code     0  startup_stm32f407xx.o(.text)
    EXTI1_IRQHandler                         0x08000253   Thumb Code     0  startup_stm32f407xx.o(.text)
    EXTI2_IRQHandler                         0x08000253   Thumb Code     0  startup_stm32f407xx.o(.text)
    EXTI3_IRQHandler                         0x08000253   Thumb Code     0  startup_stm32f407xx.o(.text)
    EXTI4_IRQHandler                         0x08000253   Thumb Code     0  startup_stm32f407xx.o(.text)
    EXTI9_5_IRQHandler                       0x08000253   Thumb Code     0  startup_stm32f407xx.o(.text)
    FLASH_IRQHandler                         0x08000253   Thumb Code     0  startup_stm32f407xx.o(.text)
    FMC_IRQHandler                           0x08000253   Thumb Code     0  startup_stm32f407xx.o(.text)
    FPU_IRQHandler                           0x08000253   Thumb Code     0  startup_stm32f407xx.o(.text)
    HASH_RNG_IRQHandler                      0x08000253   Thumb Code     0  startup_stm32f407xx.o(.text)
    I2C1_ER_IRQHandler                       0x08000253   Thumb Code     0  startup_stm32f407xx.o(.text)
    I2C1_EV_IRQHandler                       0x08000253   Thumb Code     0  startup_stm32f407xx.o(.text)
    I2C2_ER_IRQHandler                       0x08000253   Thumb Code     0  startup_stm32f407xx.o(.text)
    I2C2_EV_IRQHandler                       0x08000253   Thumb Code     0  startup_stm32f407xx.o(.text)
    I2C3_ER_IRQHandler                       0x08000253   Thumb Code     0  startup_stm32f407xx.o(.text)
    I2C3_EV_IRQHandler                       0x08000253   Thumb Code     0  startup_stm32f407xx.o(.text)
    OTG_FS_IRQHandler                        0x08000253   Thumb Code     0  startup_stm32f407xx.o(.text)
    OTG_FS_WKUP_IRQHandler                   0x08000253   Thumb Code     0  startup_stm32f407xx.o(.text)
    OTG_HS_EP1_IN_IRQHandler                 0x08000253   Thumb Code     0  startup_stm32f407xx.o(.text)
    OTG_HS_EP1_OUT_IRQHandler                0x08000253   Thumb Code     0  startup_stm32f407xx.o(.text)
    OTG_HS_IRQHandler                        0x08000253   Thumb Code     0  startup_stm32f407xx.o(.text)
    OTG_HS_WKUP_IRQHandler                   0x08000253   Thumb Code     0  startup_stm32f407xx.o(.text)
    PVD_IRQHandler                           0x08000253   Thumb Code     0  startup_stm32f407xx.o(.text)
    RCC_IRQHandler                           0x08000253   Thumb Code     0  startup_stm32f407xx.o(.text)
    RTC_Alarm_IRQHandler                     0x08000253   Thumb Code     0  startup_stm32f407xx.o(.text)
    RTC_WKUP_IRQHandler                      0x08000253   Thumb Code     0  startup_stm32f407xx.o(.text)
    SDIO_IRQHandler                          0x08000253   Thumb Code     0  startup_stm32f407xx.o(.text)
    SPI1_IRQHandler                          0x08000253   Thumb Code     0  startup_stm32f407xx.o(.text)
    SPI2_IRQHandler                          0x08000253   Thumb Code     0  startup_stm32f407xx.o(.text)
    SPI3_IRQHandler                          0x08000253   Thumb Code     0  startup_stm32f407xx.o(.text)
    TAMP_STAMP_IRQHandler                    0x08000253   Thumb Code     0  startup_stm32f407xx.o(.text)
    TIM1_BRK_TIM9_IRQHandler                 0x08000253   Thumb Code     0  startup_stm32f407xx.o(.text)
    TIM1_CC_IRQHandler                       0x08000253   Thumb Code     0  startup_stm32f407xx.o(.text)
    TIM1_TRG_COM_TIM11_IRQHandler            0x08000253   Thumb Code     0  startup_stm32f407xx.o(.text)
    TIM1_UP_TIM10_IRQHandler                 0x08000253   Thumb Code     0  startup_stm32f407xx.o(.text)
    TIM3_IRQHandler                          0x08000253   Thumb Code     0  startup_stm32f407xx.o(.text)
    TIM4_IRQHandler                          0x08000253   Thumb Code     0  startup_stm32f407xx.o(.text)
    TIM5_IRQHandler                          0x08000253   Thumb Code     0  startup_stm32f407xx.o(.text)
    TIM6_DAC_IRQHandler                      0x08000253   Thumb Code     0  startup_stm32f407xx.o(.text)
    TIM7_IRQHandler                          0x08000253   Thumb Code     0  startup_stm32f407xx.o(.text)
    TIM8_BRK_TIM12_IRQHandler                0x08000253   Thumb Code     0  startup_stm32f407xx.o(.text)
    TIM8_CC_IRQHandler                       0x08000253   Thumb Code     0  startup_stm32f407xx.o(.text)
    TIM8_TRG_COM_TIM14_IRQHandler            0x08000253   Thumb Code     0  startup_stm32f407xx.o(.text)
    TIM8_UP_TIM13_IRQHandler                 0x08000253   Thumb Code     0  startup_stm32f407xx.o(.text)
    UART4_IRQHandler                         0x08000253   Thumb Code     0  startup_stm32f407xx.o(.text)
    UART5_IRQHandler                         0x08000253   Thumb Code     0  startup_stm32f407xx.o(.text)
    USART2_IRQHandler                        0x08000253   Thumb Code     0  startup_stm32f407xx.o(.text)
    USART3_IRQHandler                        0x08000253   Thumb Code     0  startup_stm32f407xx.o(.text)
    USART6_IRQHandler                        0x08000253   Thumb Code     0  startup_stm32f407xx.o(.text)
    WWDG_IRQHandler                          0x08000253   Thumb Code     0  startup_stm32f407xx.o(.text)
    __user_initial_stackheap                 0x08000255   Thumb Code     0  startup_stm32f407xx.o(.text)
    malloc                                   0x08000279   Thumb Code    94  h1_alloc.o(.text)
    free                                     0x080002d7   Thumb Code    78  h1_free.o(.text)
    __aeabi_uldivmod                         0x08000325   Thumb Code     0  lludivv7m.o(.text)
    _ll_udiv                                 0x08000325   Thumb Code   238  lludivv7m.o(.text)
    __2sprintf                               0x08000415   Thumb Code    34  noretval__2sprintf.o(.text)
    __printf                                 0x0800043d   Thumb Code   104  __printf.o(.text)
    _printf_str                              0x080004a5   Thumb Code    82  _printf_str.o(.text)
    strlen                                   0x080004f7   Thumb Code    62  strlen.o(.text)
    __aeabi_memclr4                          0x08000535   Thumb Code     0  rt_memclr_w.o(.text)
    __aeabi_memclr8                          0x08000535   Thumb Code     0  rt_memclr_w.o(.text)
    __rt_memclr_w                            0x08000535   Thumb Code    78  rt_memclr_w.o(.text)
    _memset_w                                0x08000539   Thumb Code     0  rt_memclr_w.o(.text)
    __use_two_region_memory                  0x08000583   Thumb Code     2  heapauxi.o(.text)
    __rt_heap_escrow                         0x08000585   Thumb Code     2  heapauxi.o(.text)
    __rt_heap_expand                         0x08000587   Thumb Code     2  heapauxi.o(.text)
    __rt_heap_descriptor                     0x08000589   Thumb Code     8  rt_heap_descriptor_intlibspace.o(.text)
    __use_no_heap                            0x08000591   Thumb Code     2  hguard.o(.text)
    __heap$guard                             0x08000593   Thumb Code     2  hguard.o(.text)
    _terminate_user_alloc                    0x08000595   Thumb Code     2  init_alloc.o(.text)
    _init_user_alloc                         0x08000597   Thumb Code     2  init_alloc.o(.text)
    __Heap_Full                              0x08000599   Thumb Code    34  init_alloc.o(.text)
    __Heap_Broken                            0x080005bb   Thumb Code     6  init_alloc.o(.text)
    _init_alloc                              0x080005c1   Thumb Code    94  init_alloc.o(.text)
    __Heap_Initialize                        0x0800061f   Thumb Code    10  h1_init.o(.text)
    __Heap_DescSize                          0x08000629   Thumb Code     4  h1_init.o(.text)
    __read_errno                             0x0800062d   Thumb Code    10  _rserrno.o(.text)
    __set_errno                              0x08000637   Thumb Code    12  _rserrno.o(.text)
    _printf_char_common                      0x0800064f   Thumb Code    32  _printf_char_common.o(.text)
    _sputc                                   0x08000675   Thumb Code    10  _sputc.o(.text)
    _printf_cs_common                        0x0800067f   Thumb Code    20  _printf_char.o(.text)
    _printf_char                             0x08000693   Thumb Code    16  _printf_char.o(.text)
    _printf_string                           0x080006a3   Thumb Code     8  _printf_char.o(.text)
    __user_libspace                          0x080006ad   Thumb Code     8  libspace.o(.text)
    __user_perproc_libspace                  0x080006ad   Thumb Code     0  libspace.o(.text)
    __user_perthread_libspace                0x080006ad   Thumb Code     0  libspace.o(.text)
    __aeabi_errno_addr                       0x080006b5   Thumb Code     8  rt_errno_addr_intlibspace.o(.text)
    __errno$intlibspace                      0x080006b5   Thumb Code     0  rt_errno_addr_intlibspace.o(.text)
    __rt_errno_addr$intlibspace              0x080006b5   Thumb Code     0  rt_errno_addr_intlibspace.o(.text)
    __Heap_ProvideMemory                     0x080006bd   Thumb Code    52  h1_extend.o(.text)
    __rt_SIGRTMEM                            0x080006f1   Thumb Code    14  defsig_rtmem_outer.o(.text)
    __I$use$semihosting                      0x080006ff   Thumb Code     0  use_no_semi.o(.text)
    __use_no_semihosting_swi                 0x080006ff   Thumb Code     2  use_no_semi.o(.text)
    __semihosting_library_function           0x08000701   Thumb Code     0  indicate_semi.o(.text)
    __user_setup_stackheap                   0x08000701   Thumb Code    74  sys_stackheap_outer.o(.text)
    exit                                     0x0800074b   Thumb Code    18  exit.o(.text)
    __sig_exit                               0x0800075d   Thumb Code    10  defsig_exit.o(.text)
    __rt_SIGRTMEM_inner                      0x08000769   Thumb Code    22  defsig_rtmem_inner.o(.text)
    _sys_exit                                0x080007b9   Thumb Code     8  sys_exit.o(.text)
    __default_signal_display                 0x080007c5   Thumb Code    50  defsig_general.o(.text)
    _ttywrch                                 0x080007f7   Thumb Code    14  sys_wrch.o(.text)
    BusFault_Handler                         0x08000805   Thumb Code     2  stm32f4xx_it.o(i.BusFault_Handler)
    ConvertDegToPulse                        0x08000807   Thumb Code    34  motor.o(i.ConvertDegToPulse)
    ConvertPulseToDeg                        0x08000829   Thumb Code    34  motor.o(i.ConvertPulseToDeg)
    DebugMon_Handler                         0x0800084b   Thumb Code     2  stm32f4xx_it.o(i.DebugMon_Handler)
    Error_Handler                            0x0800084d   Thumb Code     4  main.o(i.Error_Handler)
    HAL_DMA_Abort                            0x08000851   Thumb Code   146  stm32f4xx_hal_dma.o(i.HAL_DMA_Abort)
    HAL_DMA_Abort_IT                         0x080008e3   Thumb Code    36  stm32f4xx_hal_dma.o(i.HAL_DMA_Abort_IT)
    HAL_Delay                                0x08000909   Thumb Code    32  stm32f4xx_hal.o(i.HAL_Delay)
    HAL_GPIO_Init                            0x0800092d   Thumb Code   450  stm32f4xx_hal_gpio.o(i.HAL_GPIO_Init)
    HAL_GPIO_WritePin                        0x08000b1d   Thumb Code    10  stm32f4xx_hal_gpio.o(i.HAL_GPIO_WritePin)
    HAL_GetTick                              0x08000b29   Thumb Code     6  stm32f4xx_hal.o(i.HAL_GetTick)
    HAL_IncTick                              0x08000b35   Thumb Code    12  stm32f4xx_hal.o(i.HAL_IncTick)
    HAL_Init                                 0x08000b45   Thumb Code    48  stm32f4xx_hal.o(i.HAL_Init)
    HAL_InitTick                             0x08000b79   Thumb Code    54  stm32f4xx_hal.o(i.HAL_InitTick)
    HAL_MspInit                              0x08000bb9   Thumb Code    42  stm32f4xx_hal_msp.o(i.HAL_MspInit)
    HAL_NVIC_EnableIRQ                       0x08000be9   Thumb Code    26  stm32f4xx_hal_cortex.o(i.HAL_NVIC_EnableIRQ)
    HAL_NVIC_SetPriority                     0x08000c05   Thumb Code    60  stm32f4xx_hal_cortex.o(i.HAL_NVIC_SetPriority)
    HAL_NVIC_SetPriorityGrouping             0x08000c45   Thumb Code    26  stm32f4xx_hal_cortex.o(i.HAL_NVIC_SetPriorityGrouping)
    HAL_RCC_ClockConfig                      0x08000c69   Thumb Code   288  stm32f4xx_hal_rcc.o(i.HAL_RCC_ClockConfig)
    HAL_RCC_GetPCLK1Freq                     0x08000d9d   Thumb Code    20  stm32f4xx_hal_rcc.o(i.HAL_RCC_GetPCLK1Freq)
    HAL_RCC_GetPCLK2Freq                     0x08000dbd   Thumb Code    20  stm32f4xx_hal_rcc.o(i.HAL_RCC_GetPCLK2Freq)
    HAL_RCC_GetSysClockFreq                  0x08000ddd   Thumb Code    88  stm32f4xx_hal_rcc.o(i.HAL_RCC_GetSysClockFreq)
    HAL_RCC_OscConfig                        0x08000e3d   Thumb Code   856  stm32f4xx_hal_rcc.o(i.HAL_RCC_OscConfig)
    HAL_SYSTICK_Config                       0x080011a9   Thumb Code    40  stm32f4xx_hal_cortex.o(i.HAL_SYSTICK_Config)
    HAL_TIMEx_BreakCallback                  0x080011d1   Thumb Code     2  stm32f4xx_hal_tim_ex.o(i.HAL_TIMEx_BreakCallback)
    HAL_TIMEx_CommutCallback                 0x080011d3   Thumb Code     2  stm32f4xx_hal_tim_ex.o(i.HAL_TIMEx_CommutCallback)
    HAL_TIMEx_MasterConfigSynchronization    0x080011d5   Thumb Code   116  stm32f4xx_hal_tim_ex.o(i.HAL_TIMEx_MasterConfigSynchronization)
    HAL_TIM_Base_Init                        0x08001265   Thumb Code    90  stm32f4xx_hal_tim.o(i.HAL_TIM_Base_Init)
    HAL_TIM_Base_MspInit                     0x080012c1   Thumb Code    50  tim.o(i.HAL_TIM_Base_MspInit)
    HAL_TIM_Base_Start_IT                    0x080012f9   Thumb Code   100  stm32f4xx_hal_tim.o(i.HAL_TIM_Base_Start_IT)
    HAL_TIM_ConfigClockSource                0x08001379   Thumb Code   220  stm32f4xx_hal_tim.o(i.HAL_TIM_ConfigClockSource)
    HAL_TIM_Encoder_Init                     0x08001455   Thumb Code   164  stm32f4xx_hal_tim.o(i.HAL_TIM_Encoder_Init)
    HAL_TIM_Encoder_MspInit                  0x080014f9   Thumb Code    90  tim.o(i.HAL_TIM_Encoder_MspInit)
    HAL_TIM_Encoder_Start                    0x08001561   Thumb Code   142  stm32f4xx_hal_tim.o(i.HAL_TIM_Encoder_Start)
    HAL_TIM_IC_CaptureCallback               0x080015ef   Thumb Code     2  stm32f4xx_hal_tim.o(i.HAL_TIM_IC_CaptureCallback)
    HAL_TIM_IRQHandler                       0x080015f1   Thumb Code   358  stm32f4xx_hal_tim.o(i.HAL_TIM_IRQHandler)
    HAL_TIM_MspPostInit                      0x08001759   Thumb Code    68  tim.o(i.HAL_TIM_MspPostInit)
    HAL_TIM_OC_DelayElapsedCallback          0x080017a9   Thumb Code     2  stm32f4xx_hal_tim.o(i.HAL_TIM_OC_DelayElapsedCallback)
    HAL_TIM_PWM_ConfigChannel                0x080017ab   Thumb Code   204  stm32f4xx_hal_tim.o(i.HAL_TIM_PWM_ConfigChannel)
    HAL_TIM_PWM_Init                         0x08001877   Thumb Code    90  stm32f4xx_hal_tim.o(i.HAL_TIM_PWM_Init)
    HAL_TIM_PWM_MspInit                      0x080018d1   Thumb Code    30  tim.o(i.HAL_TIM_PWM_MspInit)
    HAL_TIM_PWM_PulseFinishedCallback        0x080018f9   Thumb Code     2  stm32f4xx_hal_tim.o(i.HAL_TIM_PWM_PulseFinishedCallback)
    HAL_TIM_PWM_Start                        0x080018fd   Thumb Code   172  stm32f4xx_hal_tim.o(i.HAL_TIM_PWM_Start)
    HAL_TIM_PeriodElapsedCallback            0x080019c5   Thumb Code    54  main.o(i.HAL_TIM_PeriodElapsedCallback)
    HAL_TIM_TriggerCallback                  0x08001a09   Thumb Code     2  stm32f4xx_hal_tim.o(i.HAL_TIM_TriggerCallback)
    HAL_UARTEx_RxEventCallback               0x08001a0b   Thumb Code     2  stm32f4xx_hal_uart.o(i.HAL_UARTEx_RxEventCallback)
    HAL_UART_ErrorCallback                   0x08001a0d   Thumb Code     2  stm32f4xx_hal_uart.o(i.HAL_UART_ErrorCallback)
    HAL_UART_IRQHandler                      0x08001a11   Thumb Code   610  stm32f4xx_hal_uart.o(i.HAL_UART_IRQHandler)
    HAL_UART_Init                            0x08001c79   Thumb Code    98  stm32f4xx_hal_uart.o(i.HAL_UART_Init)
    HAL_UART_MspInit                         0x08001cdd   Thumb Code   108  usart.o(i.HAL_UART_MspInit)
    HAL_UART_Receive_IT                      0x08001d55   Thumb Code    42  stm32f4xx_hal_uart.o(i.HAL_UART_Receive_IT)
    HAL_UART_RxCpltCallback                  0x08001d81   Thumb Code    24  serial.o(i.HAL_UART_RxCpltCallback)
    HAL_UART_Transmit                        0x08001da5   Thumb Code   178  stm32f4xx_hal_uart.o(i.HAL_UART_Transmit)
    HAL_UART_TxCpltCallback                  0x08001e57   Thumb Code     2  stm32f4xx_hal_uart.o(i.HAL_UART_TxCpltCallback)
    HardFault_Handler                        0x08001e59   Thumb Code     2  stm32f4xx_it.o(i.HardFault_Handler)
    MX_GPIO_Init                             0x08001e5d   Thumb Code   118  gpio.o(i.MX_GPIO_Init)
    MX_TIM2_Init                             0x08001edd   Thumb Code    96  tim.o(i.MX_TIM2_Init)
    MX_TIM3_Init                             0x08001f41   Thumb Code   104  tim.o(i.MX_TIM3_Init)
    MX_TIM4_Init                             0x08001fb1   Thumb Code    98  tim.o(i.MX_TIM4_Init)
    MX_USART1_UART_Init                      0x0800201d   Thumb Code    48  usart.o(i.MX_USART1_UART_Init)
    MemManage_Handler                        0x08002055   Thumb Code     2  stm32f4xx_it.o(i.MemManage_Handler)
    MotorInit                                0x08002059   Thumb Code    66  motor.o(i.MotorInit)
    MotorMovePos                             0x080020b1   Thumb Code   380  motor.o(i.MotorMovePos)
    MotorSetDir                              0x08002251   Thumb Code    26  motor.o(i.MotorSetDir)
    MotorTuning                              0x08002271   Thumb Code   110  motor.o(i.MotorTuning)
    NMI_Handler                              0x080022f5   Thumb Code     2  stm32f4xx_it.o(i.NMI_Handler)
    PIDCompute                               0x080022f9   Thumb Code    84  pid.o(i.PIDCompute)
    PIDInit                                  0x08002351   Thumb Code    36  pid.o(i.PIDInit)
    PIDReset                                 0x08002379   Thumb Code    20  pid.o(i.PIDReset)
    PendSV_Handler                           0x08002395   Thumb Code     2  stm32f4xx_it.o(i.PendSV_Handler)
    SVC_Handler                              0x08002397   Thumb Code     2  stm32f4xx_it.o(i.SVC_Handler)
    SerialAcceptReceive                      0x08002399   Thumb Code    10  serial.o(i.SerialAcceptReceive)
    SerialInit                               0x080023ad   Thumb Code    10  serial.o(i.SerialInit)
    SerialParse                              0x080023c1   Thumb Code    86  serial.o(i.SerialParse)
    SerialWriteComm                          0x08002421   Thumb Code    80  serial.o(i.SerialWriteComm)
    StrCompare                               0x08002479   Thumb Code    28  serial.o(i.StrCompare)
    SysTick_Handler                          0x08002495   Thumb Code     4  stm32f4xx_it.o(i.SysTick_Handler)
    SystemClock_Config                       0x08002499   Thumb Code   134  main.o(i.SystemClock_Config)
    SystemInit                               0x08002529   Thumb Code    12  system_stm32f4xx.o(i.SystemInit)
    TIM2_IRQHandler                          0x08002539   Thumb Code     6  stm32f4xx_it.o(i.TIM2_IRQHandler)
    TIM_Base_SetConfig                       0x08002545   Thumb Code   156  stm32f4xx_hal_tim.o(i.TIM_Base_SetConfig)
    TIM_CCxChannelCmd                        0x0800260d   Thumb Code    26  stm32f4xx_hal_tim.o(i.TIM_CCxChannelCmd)
    TIM_ETR_SetConfig                        0x08002627   Thumb Code    20  stm32f4xx_hal_tim.o(i.TIM_ETR_SetConfig)
    TIM_OC2_SetConfig                        0x080026ad   Thumb Code    98  stm32f4xx_hal_tim.o(i.TIM_OC2_SetConfig)
    UART_Start_Receive_IT                    0x08002a41   Thumb Code    58  stm32f4xx_hal_uart.o(i.UART_Start_Receive_IT)
    USART1_IRQHandler                        0x08002af5   Thumb Code     6  stm32f4xx_it.o(i.USART1_IRQHandler)
    UsageFault_Handler                       0x08002b01   Thumb Code     2  stm32f4xx_it.o(i.UsageFault_Handler)
    __ARM_fpclassify                         0x08002b03   Thumb Code    48  fpclassify.o(i.__ARM_fpclassify)
    __hardfp_pow                             0x08002b59   Thumb Code  3072  pow.o(i.__hardfp_pow)
    __kernel_poly                            0x080037a9   Thumb Code   248  poly.o(i.__kernel_poly)
    __mathlib_dbl_divzero                    0x080038a1   Thumb Code    28  dunder.o(i.__mathlib_dbl_divzero)
    __mathlib_dbl_infnan2                    0x080038d1   Thumb Code    20  dunder.o(i.__mathlib_dbl_infnan2)
    __mathlib_dbl_invalid                    0x080038e9   Thumb Code    24  dunder.o(i.__mathlib_dbl_invalid)
    __mathlib_dbl_overflow                   0x08003909   Thumb Code    24  dunder.o(i.__mathlib_dbl_overflow)
    __mathlib_dbl_underflow                  0x08003929   Thumb Code    24  dunder.o(i.__mathlib_dbl_underflow)
    fabs                                     0x08003949   Thumb Code    24  fabs.o(i.fabs)
    main                                     0x08003961   Thumb Code   996  main.o(i.main)
    sqrt                                     0x08003dc9   Thumb Code   110  sqrt.o(i.sqrt)
    subString                                0x08003e37   Thumb Code    34  serial.o(i.subString)
    __aeabi_dneg                             0x08003e59   Thumb Code     0  basic.o(x$fpl$basic)
    _dneg                                    0x08003e59   Thumb Code     6  basic.o(x$fpl$basic)
    __aeabi_fneg                             0x08003e5f   Thumb Code     0  basic.o(x$fpl$basic)
    _fneg                                    0x08003e5f   Thumb Code     6  basic.o(x$fpl$basic)
    _dabs                                    0x08003e65   Thumb Code     6  basic.o(x$fpl$basic)
    _fabs                                    0x08003e6b   Thumb Code     6  basic.o(x$fpl$basic)
    __aeabi_d2f                              0x08003e71   Thumb Code     0  d2f.o(x$fpl$d2f)
    _d2f                                     0x08003e71   Thumb Code    98  d2f.o(x$fpl$d2f)
    __aeabi_dadd                             0x08003ed5   Thumb Code     0  daddsub_clz.o(x$fpl$dadd)
    _dadd                                    0x08003ed5   Thumb Code   332  daddsub_clz.o(x$fpl$dadd)
    __fpl_dcheck_NaN1                        0x08004025   Thumb Code    10  dcheck1.o(x$fpl$dcheck1)
    __fpl_dcmp_Inf                           0x08004035   Thumb Code    24  dcmpi.o(x$fpl$dcmpinf)
    __aeabi_ddiv                             0x0800404d   Thumb Code     0  ddiv.o(x$fpl$ddiv)
    _ddiv                                    0x0800404d   Thumb Code   552  ddiv.o(x$fpl$ddiv)
    __aeabi_i2d                              0x080042fd   Thumb Code     0  dflt_clz.o(x$fpl$dflt)
    _dflt                                    0x080042fd   Thumb Code    46  dflt_clz.o(x$fpl$dflt)
    __aeabi_ui2d                             0x0800432b   Thumb Code     0  dflt_clz.o(x$fpl$dfltu)
    _dfltu                                   0x0800432b   Thumb Code    38  dflt_clz.o(x$fpl$dfltu)
    __aeabi_cdcmple                          0x08004351   Thumb Code     0  dleqf.o(x$fpl$dleqf)
    _dcmple                                  0x08004351   Thumb Code   120  dleqf.o(x$fpl$dleqf)
    __fpl_dcmple_InfNaN                      0x080043b3   Thumb Code     0  dleqf.o(x$fpl$dleqf)
    __aeabi_dmul                             0x080043c9   Thumb Code     0  dmul.o(x$fpl$dmul)
    _dmul                                    0x080043c9   Thumb Code   332  dmul.o(x$fpl$dmul)
    __fpl_dnaninf                            0x0800451d   Thumb Code   156  dnaninf.o(x$fpl$dnaninf)
    __fpl_dretinf                            0x080045b9   Thumb Code    12  dretinf.o(x$fpl$dretinf)
    __aeabi_cdrcmple                         0x080045c5   Thumb Code     0  drleqf.o(x$fpl$drleqf)
    _drcmple                                 0x080045c5   Thumb Code   108  drleqf.o(x$fpl$drleqf)
    __aeabi_drsub                            0x08004631   Thumb Code     0  daddsub_clz.o(x$fpl$drsb)
    _drsb                                    0x08004631   Thumb Code    22  daddsub_clz.o(x$fpl$drsb)
    _dsqrt                                   0x08004649   Thumb Code   404  dsqrt_umaal.o(x$fpl$dsqrt)
    __aeabi_dsub                             0x080047e1   Thumb Code     0  daddsub_clz.o(x$fpl$dsub)
    _dsub                                    0x080047e1   Thumb Code   464  daddsub_clz.o(x$fpl$dsub)
    __aeabi_f2d                              0x080049b5   Thumb Code     0  f2d.o(x$fpl$f2d)
    _f2d                                     0x080049b5   Thumb Code    86  f2d.o(x$fpl$f2d)
    __fpl_fnaninf                            0x08004a0b   Thumb Code   140  fnaninf.o(x$fpl$fnaninf)
    _fp_init                                 0x08004a97   Thumb Code    10  fpinit.o(x$fpl$fpinit)
    __fplib_config_fpu_vfp                   0x08004a9f   Thumb Code     0  fpinit.o(x$fpl$fpinit)
    __fplib_config_pureend_doubles           0x08004a9f   Thumb Code     0  fpinit.o(x$fpl$fpinit)
    __fpl_fretinf                            0x08004aa1   Thumb Code    10  fretinf.o(x$fpl$fretinf)
    __fpl_return_NaN                         0x08004aab   Thumb Code   100  retnan.o(x$fpl$retnan)
    __ARM_scalbn                             0x08004b0f   Thumb Code    92  scalbn.o(x$fpl$scalbn)
    __fpl_cmpreturn                          0x08004b6b   Thumb Code    48  trapv.o(x$fpl$trapveneer)
    AHBPrescTable                            0x08004b9a   Data          16  system_stm32f4xx.o(.constdata)
    __I$use$fp                               0x08004b9a   Number         0  usenofp.o(x$fpl$usenofp)
    APBPrescTable                            0x08004baa   Data           8  system_stm32f4xx.o(.constdata)
    __mathlib_zero                           0x08004c40   Data           8  qnan.o(.constdata)
    Region$$Table$$Base                      0x08004c48   Number         0  anon$$obj.o(Region$$Table)
    Region$$Table$$Limit                     0x08004c68   Number         0  anon$$obj.o(Region$$Table)
    g_nTxOption                              0x20000000   Data           3  main.o(.data)
    g_strTxCommand                           0x20000003   Data           4  main.o(.data)
    g_nTxData                                0x20000007   Data           8  main.o(.data)
    tProcess                                 0x20000010   Data           1  motor.o(.data)
    g_nIndex                                 0x20000012   Data           2  motor.o(.data)
    g_nDutyCycle                             0x20000014   Data           4  motor.o(.data)
    g_dCmdVel                                0x20000018   Data           4  motor.o(.data)
    g_nActPulse                              0x2000001c   Data           4  motor.o(.data)
    g_nCmdPulse                              0x20000020   Data           4  motor.o(.data)
    g_dPIDError                              0x20000024   Data           4  pid.o(.data)
    g_bDataAvailable                         0x20000028   Data           1  serial.o(.data)
    STX                                      0x20000029   Data           1  serial.o(.data)
    ETX                                      0x2000002a   Data           1  serial.o(.data)
    ACK                                      0x2000002b   Data           1  serial.o(.data)
    g_nOption                                0x2000002c   Data           3  serial.o(.data)
    g_strCommand                             0x2000002f   Data           4  serial.o(.data)
    g_nData                                  0x20000033   Data           8  serial.o(.data)
    uwTickFreq                               0x2000003c   Data           1  stm32f4xx_hal.o(.data)
    uwTickPrio                               0x20000040   Data           4  stm32f4xx_hal.o(.data)
    uwTick                                   0x20000044   Data           4  stm32f4xx_hal.o(.data)
    SystemCoreClock                          0x20000048   Data           4  system_stm32f4xx.o(.data)
    htim2                                    0x2000004c   Data          72  tim.o(.bss)
    htim3                                    0x20000094   Data          72  tim.o(.bss)
    htim4                                    0x200000dc   Data          72  tim.o(.bss)
    huart1                                   0x20000124   Data          68  usart.o(.bss)
    tPIDControl                              0x20000168   Data        2420  motor.o(.bss)
    tProfile                                 0x20000adc   Data          52  motor.o(.bss)
    g_nRxBuff                                0x20000b10   Data          18  serial.o(.bss)
    __libspace_start                         0x20000b24   Data          96  libspace.o(.bss)
    __temporary_stack_top$libspace           0x20000b84   Data           0  libspace.o(.bss)



==============================================================================

Memory Map of the image

  Image Entry point : 0x08000189

  Load Region LR_IROM1 (Base: 0x08000000, Size: 0x00004cb4, Max: 0x00100000, ABSOLUTE)

    Execution Region ER_IROM1 (Exec base: 0x08000000, Load base: 0x08000000, Size: 0x00004c68, Max: 0x00100000, ABSOLUTE)

    Exec Addr    Load Addr    Size         Type   Attr      Idx    E Section Name        Object

    0x08000000   0x08000000   0x00000188   Data   RO            3    RESET               startup_stm32f407xx.o
    0x08000188   0x08000188   0x00000008   Code   RO         3243  * !!!main             c_w.l(__main.o)
    0x08000190   0x08000190   0x00000034   Code   RO         3572    !!!scatter          c_w.l(__scatter.o)
    0x080001c4   0x080001c4   0x0000001a   Code   RO         3574    !!handler_copy      c_w.l(__scatter_copy.o)
    0x080001de   0x080001de   0x00000002   PAD
    0x080001e0   0x080001e0   0x0000001c   Code   RO         3576    !!handler_zi        c_w.l(__scatter_zi.o)
    0x080001fc   0x080001fc   0x00000000   Code   RO         3236    .ARM.Collect$$_printf_percent$$00000000  c_w.l(_printf_percent.o)
    0x080001fc   0x080001fc   0x00000006   Code   RO         3235    .ARM.Collect$$_printf_percent$$00000014  c_w.l(_printf_s.o)
    0x08000202   0x08000202   0x00000004   Code   RO         3319    .ARM.Collect$$_printf_percent$$00000017  c_w.l(_printf_percent_end.o)
    0x08000206   0x08000206   0x00000002   Code   RO         3505    .ARM.Collect$$libinit$$00000000  c_w.l(libinit.o)
    0x08000208   0x08000208   0x00000004   Code   RO         3324    .ARM.Collect$$libinit$$00000001  c_w.l(libinit2.o)
    0x0800020c   0x0800020c   0x00000000   Code   RO         3327    .ARM.Collect$$libinit$$00000004  c_w.l(libinit2.o)
    0x0800020c   0x0800020c   0x00000008   Code   RO         3328    .ARM.Collect$$libinit$$00000005  c_w.l(libinit2.o)
    0x08000214   0x08000214   0x00000000   Code   RO         3330    .ARM.Collect$$libinit$$0000000A  c_w.l(libinit2.o)
    0x08000214   0x08000214   0x00000000   Code   RO         3332    .ARM.Collect$$libinit$$0000000C  c_w.l(libinit2.o)
    0x08000214   0x08000214   0x00000000   Code   RO         3334    .ARM.Collect$$libinit$$0000000E  c_w.l(libinit2.o)
    0x08000214   0x08000214   0x00000000   Code   RO         3337    .ARM.Collect$$libinit$$00000011  c_w.l(libinit2.o)
    0x08000214   0x08000214   0x00000000   Code   RO         3339    .ARM.Collect$$libinit$$00000013  c_w.l(libinit2.o)
    0x08000214   0x08000214   0x00000000   Code   RO         3341    .ARM.Collect$$libinit$$00000015  c_w.l(libinit2.o)
    0x08000214   0x08000214   0x00000000   Code   RO         3343    .ARM.Collect$$libinit$$00000017  c_w.l(libinit2.o)
    0x08000214   0x08000214   0x00000000   Code   RO         3345    .ARM.Collect$$libinit$$00000019  c_w.l(libinit2.o)
    0x08000214   0x08000214   0x00000000   Code   RO         3347    .ARM.Collect$$libinit$$0000001B  c_w.l(libinit2.o)
    0x08000214   0x08000214   0x00000000   Code   RO         3349    .ARM.Collect$$libinit$$0000001D  c_w.l(libinit2.o)
    0x08000214   0x08000214   0x00000000   Code   RO         3351    .ARM.Collect$$libinit$$0000001F  c_w.l(libinit2.o)
    0x08000214   0x08000214   0x00000000   Code   RO         3353    .ARM.Collect$$libinit$$00000021  c_w.l(libinit2.o)
    0x08000214   0x08000214   0x00000000   Code   RO         3355    .ARM.Collect$$libinit$$00000023  c_w.l(libinit2.o)
    0x08000214   0x08000214   0x00000000   Code   RO         3357    .ARM.Collect$$libinit$$00000025  c_w.l(libinit2.o)
    0x08000214   0x08000214   0x00000000   Code   RO         3361    .ARM.Collect$$libinit$$0000002C  c_w.l(libinit2.o)
    0x08000214   0x08000214   0x00000000   Code   RO         3363    .ARM.Collect$$libinit$$0000002E  c_w.l(libinit2.o)
    0x08000214   0x08000214   0x00000000   Code   RO         3365    .ARM.Collect$$libinit$$00000030  c_w.l(libinit2.o)
    0x08000214   0x08000214   0x00000000   Code   RO         3367    .ARM.Collect$$libinit$$00000032  c_w.l(libinit2.o)
    0x08000214   0x08000214   0x00000002   Code   RO         3368    .ARM.Collect$$libinit$$00000033  c_w.l(libinit2.o)
    0x08000216   0x08000216   0x00000002   Code   RO         3569    .ARM.Collect$$libshutdown$$00000000  c_w.l(libshutdown.o)
    0x08000218   0x08000218   0x00000000   Code   RO         3525    .ARM.Collect$$libshutdown$$00000002  c_w.l(libshutdown2.o)
    0x08000218   0x08000218   0x00000000   Code   RO         3527    .ARM.Collect$$libshutdown$$00000004  c_w.l(libshutdown2.o)
    0x08000218   0x08000218   0x00000000   Code   RO         3530    .ARM.Collect$$libshutdown$$00000007  c_w.l(libshutdown2.o)
    0x08000218   0x08000218   0x00000000   Code   RO         3533    .ARM.Collect$$libshutdown$$0000000A  c_w.l(libshutdown2.o)
    0x08000218   0x08000218   0x00000000   Code   RO         3535    .ARM.Collect$$libshutdown$$0000000C  c_w.l(libshutdown2.o)
    0x08000218   0x08000218   0x00000000   Code   RO         3538    .ARM.Collect$$libshutdown$$0000000F  c_w.l(libshutdown2.o)
    0x08000218   0x08000218   0x00000002   Code   RO         3539    .ARM.Collect$$libshutdown$$00000010  c_w.l(libshutdown2.o)
    0x0800021a   0x0800021a   0x00000000   Code   RO         3281    .ARM.Collect$$rtentry$$00000000  c_w.l(__rtentry.o)
    0x0800021a   0x0800021a   0x00000000   Code   RO         3429    .ARM.Collect$$rtentry$$00000002  c_w.l(__rtentry2.o)
    0x0800021a   0x0800021a   0x00000006   Code   RO         3441    .ARM.Collect$$rtentry$$00000004  c_w.l(__rtentry4.o)
    0x08000220   0x08000220   0x00000000   Code   RO         3431    .ARM.Collect$$rtentry$$00000009  c_w.l(__rtentry2.o)
    0x08000220   0x08000220   0x00000004   Code   RO         3432    .ARM.Collect$$rtentry$$0000000A  c_w.l(__rtentry2.o)
    0x08000224   0x08000224   0x00000000   Code   RO         3434    .ARM.Collect$$rtentry$$0000000C  c_w.l(__rtentry2.o)
    0x08000224   0x08000224   0x00000008   Code   RO         3435    .ARM.Collect$$rtentry$$0000000D  c_w.l(__rtentry2.o)
    0x0800022c   0x0800022c   0x00000002   Code   RO         3512    .ARM.Collect$$rtexit$$00000000  c_w.l(rtexit.o)
    0x0800022e   0x0800022e   0x00000000   Code   RO         3545    .ARM.Collect$$rtexit$$00000002  c_w.l(rtexit2.o)
    0x0800022e   0x0800022e   0x00000004   Code   RO         3546    .ARM.Collect$$rtexit$$00000003  c_w.l(rtexit2.o)
    0x08000232   0x08000232   0x00000006   Code   RO         3547    .ARM.Collect$$rtexit$$00000004  c_w.l(rtexit2.o)
    0x08000238   0x08000238   0x00000000   Code   RO         3452    .emb_text           c_w.l(maybetermalloc1.o)
    0x08000238   0x08000238   0x00000040   Code   RO            4    .text               startup_stm32f407xx.o
    0x08000278   0x08000278   0x0000005e   Code   RO         3147    .text               c_w.l(h1_alloc.o)
    0x080002d6   0x080002d6   0x0000004e   Code   RO         3149    .text               c_w.l(h1_free.o)
    0x08000324   0x08000324   0x000000ee   Code   RO         3205    .text               c_w.l(lludivv7m.o)
    0x08000412   0x08000412   0x00000002   PAD
    0x08000414   0x08000414   0x00000028   Code   RO         3209    .text               c_w.l(noretval__2sprintf.o)
    0x0800043c   0x0800043c   0x00000068   Code   RO         3211    .text               c_w.l(__printf.o)
    0x080004a4   0x080004a4   0x00000052   Code   RO         3213    .text               c_w.l(_printf_str.o)
    0x080004f6   0x080004f6   0x0000003e   Code   RO         3237    .text               c_w.l(strlen.o)
    0x08000534   0x08000534   0x0000004e   Code   RO         3239    .text               c_w.l(rt_memclr_w.o)
    0x08000582   0x08000582   0x00000006   Code   RO         3241    .text               c_w.l(heapauxi.o)
    0x08000588   0x08000588   0x00000008   Code   RO         3289    .text               c_w.l(rt_heap_descriptor_intlibspace.o)
    0x08000590   0x08000590   0x00000004   Code   RO         3291    .text               c_w.l(hguard.o)
    0x08000594   0x08000594   0x0000008a   Code   RO         3293    .text               c_w.l(init_alloc.o)
    0x0800061e   0x0800061e   0x0000000e   Code   RO         3297    .text               c_w.l(h1_init.o)
    0x0800062c   0x0800062c   0x00000016   Code   RO         3311    .text               c_w.l(_rserrno.o)
    0x08000642   0x08000642   0x00000002   PAD
    0x08000644   0x08000644   0x00000030   Code   RO         3313    .text               c_w.l(_printf_char_common.o)
    0x08000674   0x08000674   0x0000000a   Code   RO         3315    .text               c_w.l(_sputc.o)
    0x0800067e   0x0800067e   0x0000002c   Code   RO         3317    .text               c_w.l(_printf_char.o)
    0x080006aa   0x080006aa   0x00000002   PAD
    0x080006ac   0x080006ac   0x00000008   Code   RO         3425    .text               c_w.l(libspace.o)
    0x080006b4   0x080006b4   0x00000008   Code   RO         3448    .text               c_w.l(rt_errno_addr_intlibspace.o)
    0x080006bc   0x080006bc   0x00000034   Code   RO         3454    .text               c_w.l(h1_extend.o)
    0x080006f0   0x080006f0   0x0000000e   Code   RO         3460    .text               c_w.l(defsig_rtmem_outer.o)
    0x080006fe   0x080006fe   0x00000002   Code   RO         3477    .text               c_w.l(use_no_semi.o)
    0x08000700   0x08000700   0x00000000   Code   RO         3479    .text               c_w.l(indicate_semi.o)
    0x08000700   0x08000700   0x0000004a   Code   RO         3480    .text               c_w.l(sys_stackheap_outer.o)
    0x0800074a   0x0800074a   0x00000012   Code   RO         3486    .text               c_w.l(exit.o)
    0x0800075c   0x0800075c   0x0000000a   Code   RO         3488    .text               c_w.l(defsig_exit.o)
    0x08000766   0x08000766   0x00000002   PAD
    0x08000768   0x08000768   0x00000050   Code   RO         3494    .text               c_w.l(defsig_rtmem_inner.o)
    0x080007b8   0x080007b8   0x0000000c   Code   RO         3510    .text               c_w.l(sys_exit.o)
    0x080007c4   0x080007c4   0x00000032   Code   RO         3520    .text               c_w.l(defsig_general.o)
    0x080007f6   0x080007f6   0x0000000e   Code   RO         3542    .text               c_w.l(sys_wrch.o)
    0x08000804   0x08000804   0x00000002   Code   RO          343    i.BusFault_Handler  stm32f4xx_it.o
    0x08000806   0x08000806   0x00000022   Code   RO          455    i.ConvertDegToPulse  motor.o
    0x08000828   0x08000828   0x00000022   Code   RO          456    i.ConvertPulseToDeg  motor.o
    0x0800084a   0x0800084a   0x00000002   Code   RO          344    i.DebugMon_Handler  stm32f4xx_it.o
    0x0800084c   0x0800084c   0x00000004   Code   RO           13    i.Error_Handler     main.o
    0x08000850   0x08000850   0x00000092   Code   RO         2079    i.HAL_DMA_Abort     stm32f4xx_hal_dma.o
    0x080008e2   0x080008e2   0x00000024   Code   RO         2080    i.HAL_DMA_Abort_IT  stm32f4xx_hal_dma.o
    0x08000906   0x08000906   0x00000002   PAD
    0x08000908   0x08000908   0x00000024   Code   RO         2498    i.HAL_Delay         stm32f4xx_hal.o
    0x0800092c   0x0800092c   0x000001f0   Code   RO         1972    i.HAL_GPIO_Init     stm32f4xx_hal_gpio.o
    0x08000b1c   0x08000b1c   0x0000000a   Code   RO         1976    i.HAL_GPIO_WritePin  stm32f4xx_hal_gpio.o
    0x08000b26   0x08000b26   0x00000002   PAD
    0x08000b28   0x08000b28   0x0000000c   Code   RO         2504    i.HAL_GetTick       stm32f4xx_hal.o
    0x08000b34   0x08000b34   0x00000010   Code   RO         2510    i.HAL_IncTick       stm32f4xx_hal.o
    0x08000b44   0x08000b44   0x00000034   Code   RO         2511    i.HAL_Init          stm32f4xx_hal.o
    0x08000b78   0x08000b78   0x00000040   Code   RO         2512    i.HAL_InitTick      stm32f4xx_hal.o
    0x08000bb8   0x08000bb8   0x00000030   Code   RO          431    i.HAL_MspInit       stm32f4xx_hal_msp.o
    0x08000be8   0x08000be8   0x0000001a   Code   RO         2361    i.HAL_NVIC_EnableIRQ  stm32f4xx_hal_cortex.o
    0x08000c02   0x08000c02   0x00000002   PAD
    0x08000c04   0x08000c04   0x00000040   Code   RO         2367    i.HAL_NVIC_SetPriority  stm32f4xx_hal_cortex.o
    0x08000c44   0x08000c44   0x00000024   Code   RO         2368    i.HAL_NVIC_SetPriorityGrouping  stm32f4xx_hal_cortex.o
    0x08000c68   0x08000c68   0x00000134   Code   RO         1618    i.HAL_RCC_ClockConfig  stm32f4xx_hal_rcc.o
    0x08000d9c   0x08000d9c   0x00000020   Code   RO         1625    i.HAL_RCC_GetPCLK1Freq  stm32f4xx_hal_rcc.o
    0x08000dbc   0x08000dbc   0x00000020   Code   RO         1626    i.HAL_RCC_GetPCLK2Freq  stm32f4xx_hal_rcc.o
    0x08000ddc   0x08000ddc   0x00000060   Code   RO         1627    i.HAL_RCC_GetSysClockFreq  stm32f4xx_hal_rcc.o
    0x08000e3c   0x08000e3c   0x0000036c   Code   RO         1630    i.HAL_RCC_OscConfig  stm32f4xx_hal_rcc.o
    0x080011a8   0x080011a8   0x00000028   Code   RO         2372    i.HAL_SYSTICK_Config  stm32f4xx_hal_cortex.o
    0x080011d0   0x080011d0   0x00000002   Code   RO         1350    i.HAL_TIMEx_BreakCallback  stm32f4xx_hal_tim_ex.o
    0x080011d2   0x080011d2   0x00000002   Code   RO         1351    i.HAL_TIMEx_CommutCallback  stm32f4xx_hal_tim_ex.o
    0x080011d4   0x080011d4   0x00000090   Code   RO         1369    i.HAL_TIMEx_MasterConfigSynchronization  stm32f4xx_hal_tim_ex.o
    0x08001264   0x08001264   0x0000005a   Code   RO          646    i.HAL_TIM_Base_Init  stm32f4xx_hal_tim.o
    0x080012be   0x080012be   0x00000002   PAD
    0x080012c0   0x080012c0   0x00000038   Code   RO          218    i.HAL_TIM_Base_MspInit  tim.o
    0x080012f8   0x080012f8   0x00000080   Code   RO          651    i.HAL_TIM_Base_Start_IT  stm32f4xx_hal_tim.o
    0x08001378   0x08001378   0x000000dc   Code   RO          655    i.HAL_TIM_ConfigClockSource  stm32f4xx_hal_tim.o
    0x08001454   0x08001454   0x000000a4   Code   RO          667    i.HAL_TIM_Encoder_Init  stm32f4xx_hal_tim.o
    0x080014f8   0x080014f8   0x00000068   Code   RO          220    i.HAL_TIM_Encoder_MspInit  tim.o
    0x08001560   0x08001560   0x0000008e   Code   RO          670    i.HAL_TIM_Encoder_Start  stm32f4xx_hal_tim.o
    0x080015ee   0x080015ee   0x00000002   Code   RO          680    i.HAL_TIM_IC_CaptureCallback  stm32f4xx_hal_tim.o
    0x080015f0   0x080015f0   0x00000166   Code   RO          694    i.HAL_TIM_IRQHandler  stm32f4xx_hal_tim.o
    0x08001756   0x08001756   0x00000002   PAD
    0x08001758   0x08001758   0x00000050   Code   RO          221    i.HAL_TIM_MspPostInit  tim.o
    0x080017a8   0x080017a8   0x00000002   Code   RO          697    i.HAL_TIM_OC_DelayElapsedCallback  stm32f4xx_hal_tim.o
    0x080017aa   0x080017aa   0x000000cc   Code   RO          718    i.HAL_TIM_PWM_ConfigChannel  stm32f4xx_hal_tim.o
    0x08001876   0x08001876   0x0000005a   Code   RO          721    i.HAL_TIM_PWM_Init  stm32f4xx_hal_tim.o
    0x080018d0   0x080018d0   0x00000028   Code   RO          223    i.HAL_TIM_PWM_MspInit  tim.o
    0x080018f8   0x080018f8   0x00000002   Code   RO          724    i.HAL_TIM_PWM_PulseFinishedCallback  stm32f4xx_hal_tim.o
    0x080018fa   0x080018fa   0x00000002   PAD
    0x080018fc   0x080018fc   0x000000c8   Code   RO          726    i.HAL_TIM_PWM_Start  stm32f4xx_hal_tim.o
    0x080019c4   0x080019c4   0x00000044   Code   RO           14    i.HAL_TIM_PeriodElapsedCallback  main.o
    0x08001a08   0x08001a08   0x00000002   Code   RO          737    i.HAL_TIM_TriggerCallback  stm32f4xx_hal_tim.o
    0x08001a0a   0x08001a0a   0x00000002   Code   RO         2760    i.HAL_UARTEx_RxEventCallback  stm32f4xx_hal_uart.o
    0x08001a0c   0x08001a0c   0x00000002   Code   RO         2774    i.HAL_UART_ErrorCallback  stm32f4xx_hal_uart.o
    0x08001a0e   0x08001a0e   0x00000002   PAD
    0x08001a10   0x08001a10   0x00000268   Code   RO         2777    i.HAL_UART_IRQHandler  stm32f4xx_hal_uart.o
    0x08001c78   0x08001c78   0x00000062   Code   RO         2778    i.HAL_UART_Init     stm32f4xx_hal_uart.o
    0x08001cda   0x08001cda   0x00000002   PAD
    0x08001cdc   0x08001cdc   0x00000078   Code   RO          302    i.HAL_UART_MspInit  usart.o
    0x08001d54   0x08001d54   0x0000002a   Code   RO         2783    i.HAL_UART_Receive_IT  stm32f4xx_hal_uart.o
    0x08001d7e   0x08001d7e   0x00000002   PAD
    0x08001d80   0x08001d80   0x00000024   Code   RO          579    i.HAL_UART_RxCpltCallback  serial.o
    0x08001da4   0x08001da4   0x000000b2   Code   RO         2786    i.HAL_UART_Transmit  stm32f4xx_hal_uart.o
    0x08001e56   0x08001e56   0x00000002   Code   RO         2789    i.HAL_UART_TxCpltCallback  stm32f4xx_hal_uart.o
    0x08001e58   0x08001e58   0x00000002   Code   RO          345    i.HardFault_Handler  stm32f4xx_it.o
    0x08001e5a   0x08001e5a   0x00000002   PAD
    0x08001e5c   0x08001e5c   0x00000080   Code   RO          193    i.MX_GPIO_Init      gpio.o
    0x08001edc   0x08001edc   0x00000064   Code   RO          224    i.MX_TIM2_Init      tim.o
    0x08001f40   0x08001f40   0x00000070   Code   RO          225    i.MX_TIM3_Init      tim.o
    0x08001fb0   0x08001fb0   0x0000006c   Code   RO          226    i.MX_TIM4_Init      tim.o
    0x0800201c   0x0800201c   0x00000038   Code   RO          303    i.MX_USART1_UART_Init  usart.o
    0x08002054   0x08002054   0x00000002   Code   RO          346    i.MemManage_Handler  stm32f4xx_it.o
    0x08002056   0x08002056   0x00000002   PAD
    0x08002058   0x08002058   0x00000058   Code   RO          458    i.MotorInit         motor.o
    0x080020b0   0x080020b0   0x000001a0   Code   RO          459    i.MotorMovePos      motor.o
    0x08002250   0x08002250   0x00000020   Code   RO          460    i.MotorSetDir       motor.o
    0x08002270   0x08002270   0x00000084   Code   RO          462    i.MotorTuning       motor.o
    0x080022f4   0x080022f4   0x00000002   Code   RO          347    i.NMI_Handler       stm32f4xx_it.o
    0x080022f6   0x080022f6   0x00000002   PAD
    0x080022f8   0x080022f8   0x00000058   Code   RO          534    i.PIDCompute        pid.o
    0x08002350   0x08002350   0x00000028   Code   RO          535    i.PIDInit           pid.o
    0x08002378   0x08002378   0x0000001c   Code   RO          536    i.PIDReset          pid.o
    0x08002394   0x08002394   0x00000002   Code   RO          348    i.PendSV_Handler    stm32f4xx_it.o
    0x08002396   0x08002396   0x00000002   Code   RO          349    i.SVC_Handler       stm32f4xx_it.o
    0x08002398   0x08002398   0x00000014   Code   RO          580    i.SerialAcceptReceive  serial.o
    0x080023ac   0x080023ac   0x00000014   Code   RO          581    i.SerialInit        serial.o
    0x080023c0   0x080023c0   0x00000060   Code   RO          582    i.SerialParse       serial.o
    0x08002420   0x08002420   0x00000058   Code   RO          583    i.SerialWriteComm   serial.o
    0x08002478   0x08002478   0x0000001c   Code   RO          584    i.StrCompare        serial.o
    0x08002494   0x08002494   0x00000004   Code   RO          350    i.SysTick_Handler   stm32f4xx_it.o
    0x08002498   0x08002498   0x00000090   Code   RO           15    i.SystemClock_Config  main.o
    0x08002528   0x08002528   0x00000010   Code   RO         3107    i.SystemInit        system_stm32f4xx.o
    0x08002538   0x08002538   0x0000000c   Code   RO          351    i.TIM2_IRQHandler   stm32f4xx_it.o
    0x08002544   0x08002544   0x000000c8   Code   RO          739    i.TIM_Base_SetConfig  stm32f4xx_hal_tim.o
    0x0800260c   0x0800260c   0x0000001a   Code   RO          740    i.TIM_CCxChannelCmd  stm32f4xx_hal_tim.o
    0x08002626   0x08002626   0x00000014   Code   RO          750    i.TIM_ETR_SetConfig  stm32f4xx_hal_tim.o
    0x0800263a   0x0800263a   0x00000010   Code   RO          751    i.TIM_ITRx_SetConfig  stm32f4xx_hal_tim.o
    0x0800264a   0x0800264a   0x00000002   PAD
    0x0800264c   0x0800264c   0x00000060   Code   RO          752    i.TIM_OC1_SetConfig  stm32f4xx_hal_tim.o
    0x080026ac   0x080026ac   0x0000006c   Code   RO          753    i.TIM_OC2_SetConfig  stm32f4xx_hal_tim.o
    0x08002718   0x08002718   0x00000068   Code   RO          754    i.TIM_OC3_SetConfig  stm32f4xx_hal_tim.o
    0x08002780   0x08002780   0x00000050   Code   RO          755    i.TIM_OC4_SetConfig  stm32f4xx_hal_tim.o
    0x080027d0   0x080027d0   0x00000022   Code   RO          757    i.TIM_TI1_ConfigInputStage  stm32f4xx_hal_tim.o
    0x080027f2   0x080027f2   0x00000024   Code   RO          759    i.TIM_TI2_ConfigInputStage  stm32f4xx_hal_tim.o
    0x08002816   0x08002816   0x00000010   Code   RO         2791    i.UART_DMAAbortOnError  stm32f4xx_hal_uart.o
    0x08002826   0x08002826   0x0000004e   Code   RO         2801    i.UART_EndRxTransfer  stm32f4xx_hal_uart.o
    0x08002874   0x08002874   0x000000c0   Code   RO         2803    i.UART_Receive_IT   stm32f4xx_hal_uart.o
    0x08002934   0x08002934   0x0000010c   Code   RO         2804    i.UART_SetConfig    stm32f4xx_hal_uart.o
    0x08002a40   0x08002a40   0x0000003a   Code   RO         2806    i.UART_Start_Receive_IT  stm32f4xx_hal_uart.o
    0x08002a7a   0x08002a7a   0x00000078   Code   RO         2807    i.UART_WaitOnFlagUntilTimeout  stm32f4xx_hal_uart.o
    0x08002af2   0x08002af2   0x00000002   PAD
    0x08002af4   0x08002af4   0x0000000c   Code   RO          352    i.USART1_IRQHandler  stm32f4xx_it.o
    0x08002b00   0x08002b00   0x00000002   Code   RO          353    i.UsageFault_Handler  stm32f4xx_it.o
    0x08002b02   0x08002b02   0x00000030   Code   RO         3406    i.__ARM_fpclassify  m_wm.l(fpclassify.o)
    0x08002b32   0x08002b32   0x00000020   Code   RO         2374    i.__NVIC_SetPriority  stm32f4xx_hal_cortex.o
    0x08002b52   0x08002b52   0x00000006   PAD
    0x08002b58   0x08002b58   0x00000c50   Code   RO         3265    i.__hardfp_pow      m_wm.l(pow.o)
    0x080037a8   0x080037a8   0x000000f8   Code   RO         3408    i.__kernel_poly     m_wm.l(poly.o)
    0x080038a0   0x080038a0   0x00000030   Code   RO         3386    i.__mathlib_dbl_divzero  m_wm.l(dunder.o)
    0x080038d0   0x080038d0   0x00000014   Code   RO         3388    i.__mathlib_dbl_infnan2  m_wm.l(dunder.o)
    0x080038e4   0x080038e4   0x00000004   PAD
    0x080038e8   0x080038e8   0x00000020   Code   RO         3389    i.__mathlib_dbl_invalid  m_wm.l(dunder.o)
    0x08003908   0x08003908   0x00000020   Code   RO         3390    i.__mathlib_dbl_overflow  m_wm.l(dunder.o)
    0x08003928   0x08003928   0x00000020   Code   RO         3392    i.__mathlib_dbl_underflow  m_wm.l(dunder.o)
    0x08003948   0x08003948   0x00000018   Code   RO         3402    i.fabs              m_wm.l(fabs.o)
    0x08003960   0x08003960   0x00000468   Code   RO           16    i.main              main.o
    0x08003dc8   0x08003dc8   0x0000006e   Code   RO         3413    i.sqrt              m_wm.l(sqrt.o)
    0x08003e36   0x08003e36   0x00000022   Code   RO          585    i.subString         serial.o
    0x08003e58   0x08003e58   0x00000018   Code   RO         3369    x$fpl$basic         fz_wm.l(basic.o)
    0x08003e70   0x08003e70   0x00000062   Code   RO         3245    x$fpl$d2f           fz_wm.l(d2f.o)
    0x08003ed2   0x08003ed2   0x00000002   PAD
    0x08003ed4   0x08003ed4   0x00000150   Code   RO         3247    x$fpl$dadd          fz_wm.l(daddsub_clz.o)
    0x08004024   0x08004024   0x00000010   Code   RO         3469    x$fpl$dcheck1       fz_wm.l(dcheck1.o)
    0x08004034   0x08004034   0x00000018   Code   RO         3506    x$fpl$dcmpinf       fz_wm.l(dcmpi.o)
    0x0800404c   0x0800404c   0x000002b0   Code   RO         3254    x$fpl$ddiv          fz_wm.l(ddiv.o)
    0x080042fc   0x080042fc   0x0000002e   Code   RO         3258    x$fpl$dflt          fz_wm.l(dflt_clz.o)
    0x0800432a   0x0800432a   0x00000026   Code   RO         3257    x$fpl$dfltu         fz_wm.l(dflt_clz.o)
    0x08004350   0x08004350   0x00000078   Code   RO         3471    x$fpl$dleqf         fz_wm.l(dleqf.o)
    0x080043c8   0x080043c8   0x00000154   Code   RO         3371    x$fpl$dmul          fz_wm.l(dmul.o)
    0x0800451c   0x0800451c   0x0000009c   Code   RO         3373    x$fpl$dnaninf       fz_wm.l(dnaninf.o)
    0x080045b8   0x080045b8   0x0000000c   Code   RO         3375    x$fpl$dretinf       fz_wm.l(dretinf.o)
    0x080045c4   0x080045c4   0x0000006c   Code   RO         3377    x$fpl$drleqf        fz_wm.l(drleqf.o)
    0x08004630   0x08004630   0x00000016   Code   RO         3248    x$fpl$drsb          fz_wm.l(daddsub_clz.o)
    0x08004646   0x08004646   0x00000002   PAD
    0x08004648   0x08004648   0x00000198   Code   RO         3473    x$fpl$dsqrt         fz_wm.l(dsqrt_umaal.o)
    0x080047e0   0x080047e0   0x000001d4   Code   RO         3249    x$fpl$dsub          fz_wm.l(daddsub_clz.o)
    0x080049b4   0x080049b4   0x00000056   Code   RO         3263    x$fpl$f2d           fz_wm.l(f2d.o)
    0x08004a0a   0x08004a0a   0x0000008c   Code   RO         3379    x$fpl$fnaninf       fz_wm.l(fnaninf.o)
    0x08004a96   0x08004a96   0x0000000a   Code   RO         3475    x$fpl$fpinit        fz_wm.l(fpinit.o)
    0x08004aa0   0x08004aa0   0x0000000a   Code   RO         3381    x$fpl$fretinf       fz_wm.l(fretinf.o)
    0x08004aaa   0x08004aaa   0x00000064   Code   RO         3508    x$fpl$retnan        fz_wm.l(retnan.o)
    0x08004b0e   0x08004b0e   0x0000005c   Code   RO         3383    x$fpl$scalbn        fz_wm.l(scalbn.o)
    0x08004b6a   0x08004b6a   0x00000030   Code   RO         3540    x$fpl$trapveneer    fz_wm.l(trapv.o)
    0x08004b9a   0x08004b9a   0x00000000   Code   RO         3385    x$fpl$usenofp       fz_wm.l(usenofp.o)
    0x08004b9a   0x08004b9a   0x00000010   Data   RO         3108    .constdata          system_stm32f4xx.o
    0x08004baa   0x08004baa   0x00000008   Data   RO         3109    .constdata          system_stm32f4xx.o
    0x08004bb2   0x08004bb2   0x00000006   PAD
    0x08004bb8   0x08004bb8   0x00000088   Data   RO         3268    .constdata          m_wm.l(pow.o)
    0x08004c40   0x08004c40   0x00000008   Data   RO         3410    .constdata          m_wm.l(qnan.o)
    0x08004c48   0x08004c48   0x00000020   Data   RO         3570    Region$$Table       anon$$obj.o


    Execution Region RW_IRAM1 (Exec base: 0x20000000, Load base: 0x08004c68, Size: 0x00001188, Max: 0x0001c000, ABSOLUTE)

    Exec Addr    Load Addr    Size         Type   Attr      Idx    E Section Name        Object

    0x20000000   0x08004c68   0x0000000f   Data   RW           18    .data               main.o
    0x2000000f   0x08004c77   0x00000001   PAD
    0x20000010   0x08004c78   0x00000014   Data   RW          464    .data               motor.o
    0x20000024   0x08004c8c   0x00000004   Data   RW          538    .data               pid.o
    0x20000028   0x08004c90   0x00000013   Data   RW          587    .data               serial.o
    0x2000003b   0x08004ca3   0x00000001   PAD
    0x2000003c   0x08004ca4   0x0000000c   Data   RW         2518    .data               stm32f4xx_hal.o
    0x20000048   0x08004cb0   0x00000004   Data   RW         3110    .data               system_stm32f4xx.o
    0x2000004c        -       0x000000d8   Zero   RW          227    .bss                tim.o
    0x20000124        -       0x00000044   Zero   RW          304    .bss                usart.o
    0x20000168        -       0x000009a8   Zero   RW          463    .bss                motor.o
    0x20000b10        -       0x00000012   Zero   RW          586    .bss                serial.o
    0x20000b22   0x08004cb4   0x00000002   PAD
    0x20000b24        -       0x00000060   Zero   RW         3426    .bss                c_w.l(libspace.o)
    0x20000b84   0x08004cb4   0x00000004   PAD
    0x20000b88        -       0x00000200   Zero   RW            2    HEAP                startup_stm32f407xx.o
    0x20000d88        -       0x00000400   Zero   RW            1    STACK               startup_stm32f407xx.o


    Execution Region RW_IRAM2 (Exec base: 0x2001c000, Load base: 0x08004cb4, Size: 0x00000000, Max: 0x00004000, ABSOLUTE)

    **** No section assigned to this execution region ****


==============================================================================

Image component sizes


      Code (inc. data)   RO Data    RW Data    ZI Data      Debug   Object Name

       128         10          0          0          0       1015   gpio.o
      1344        174          0         15          0     696259   main.o
       736         86          0         20       2472       4962   motor.o
       156         16          0          4          0       2492   pid.o
       322         50          0         19         18       5350   serial.o
        64         26        392          0       1536        872   startup_stm32f407xx.o
       180         28          0         12          0       9633   stm32f4xx_hal.o
       198         14          0          0          0      34115   stm32f4xx_hal_cortex.o
       182          0          0          0          0       2183   stm32f4xx_hal_dma.o
       506         46          0          0          0       2276   stm32f4xx_hal_gpio.o
        48          6          0          0          0        910   stm32f4xx_hal_msp.o
      1344         72          0          0          0       5408   stm32f4xx_hal_rcc.o
      2324        136          0          0          0      18991   stm32f4xx_hal_tim.o
       148         28          0          0          0       2565   stm32f4xx_hal_tim_ex.o
      1672         16          0          0          0      11792   stm32f4xx_hal_uart.o
        44         12          0          0          0       5404   stm32f4xx_it.o
        16          4         24          4          0       1211   system_stm32f4xx.o
       600         64          0          0        216       5162   tim.o
       176         20          0          0         68       1826   usart.o

    ----------------------------------------------------------------------
     10222        808        454         76       4312     812426   Object Totals
         0          0         32          0          0          0   (incl. Generated)
        34          0          6          2          2          0   (incl. Padding)

    ----------------------------------------------------------------------

      Code (inc. data)   RO Data    RW Data    ZI Data      Debug   Library Member Name

         8          0          0          0          0         68   __main.o
       104          0          0          0          0         84   __printf.o
         0          0          0          0          0          0   __rtentry.o
        12          0          0          0          0          0   __rtentry2.o
         6          0          0          0          0          0   __rtentry4.o
        52          8          0          0          0          0   __scatter.o
        26          0          0          0          0          0   __scatter_copy.o
        28          0          0          0          0          0   __scatter_zi.o
        44          0          0          0          0        108   _printf_char.o
        48          6          0          0          0         96   _printf_char_common.o
         0          0          0          0          0          0   _printf_percent.o
         4          0          0          0          0          0   _printf_percent_end.o
         6          0          0          0          0          0   _printf_s.o
        82          0          0          0          0         80   _printf_str.o
        22          0          0          0          0        100   _rserrno.o
        10          0          0          0          0         68   _sputc.o
        10          0          0          0          0         68   defsig_exit.o
        50          0          0          0          0         88   defsig_general.o
        80         58          0          0          0         76   defsig_rtmem_inner.o
        14          0          0          0          0         80   defsig_rtmem_outer.o
        18          0          0          0          0         80   exit.o
        94          0          0          0          0         80   h1_alloc.o
        52          0          0          0          0         68   h1_extend.o
        78          0          0          0          0         80   h1_free.o
        14          0          0          0          0         84   h1_init.o
         6          0          0          0          0        152   heapauxi.o
         4          0          0          0          0        136   hguard.o
         0          0          0          0          0          0   indicate_semi.o
       138          0          0          0          0        168   init_alloc.o
         2          0          0          0          0          0   libinit.o
        14          0          0          0          0          0   libinit2.o
         2          0          0          0          0          0   libshutdown.o
         2          0          0          0          0          0   libshutdown2.o
         8          4          0          0         96         68   libspace.o
       238          0          0          0          0        100   lludivv7m.o
         0          0          0          0          0          0   maybetermalloc1.o
        40          6          0          0          0         84   noretval__2sprintf.o
         8          4          0          0          0         68   rt_errno_addr_intlibspace.o
         8          4          0          0          0         68   rt_heap_descriptor_intlibspace.o
        78          0          0          0          0         80   rt_memclr_w.o
         2          0          0          0          0          0   rtexit.o
        10          0          0          0          0          0   rtexit2.o
        62          0          0          0          0         76   strlen.o
        12          4          0          0          0         68   sys_exit.o
        74          0          0          0          0         80   sys_stackheap_outer.o
        14          0          0          0          0         76   sys_wrch.o
         2          0          0          0          0         68   use_no_semi.o
        24          0          0          0          0        164   basic.o
        98          4          0          0          0        140   d2f.o
       826         16          0          0          0        492   daddsub_clz.o
        16          4          0          0          0        116   dcheck1.o
        24          0          0          0          0        116   dcmpi.o
       688        140          0          0          0        256   ddiv.o
        84          0          0          0          0        232   dflt_clz.o
       120          4          0          0          0        140   dleqf.o
       340         12          0          0          0        152   dmul.o
       156          4          0          0          0        140   dnaninf.o
        12          0          0          0          0        116   dretinf.o
       108          0          0          0          0        128   drleqf.o
       408         56          0          0          0        168   dsqrt_umaal.o
        86          4          0          0          0        132   f2d.o
       140          4          0          0          0        132   fnaninf.o
        10          0          0          0          0        116   fpinit.o
        10          0          0          0          0        116   fretinf.o
       100          0          0          0          0        116   retnan.o
        92          0          0          0          0        116   scalbn.o
        48          0          0          0          0        116   trapv.o
         0          0          0          0          0          0   usenofp.o
       164         44          0          0          0        620   dunder.o
        24          0          0          0          0        124   fabs.o
        48          0          0          0          0        124   fpclassify.o
       248          0          0          0          0        152   poly.o
      3152        296        136          0          0        352   pow.o
         0          0          8          0          0          0   qnan.o
       110          0          0          0          0        148   sqrt.o

    ----------------------------------------------------------------------
      8740        682        144          0        100       7324   Library Totals
        18          0          0          0          4          0   (incl. Padding)

    ----------------------------------------------------------------------

      Code (inc. data)   RO Data    RW Data    ZI Data      Debug   Library Name

      1586         94          0          0         96       2600   c_w.l
      3390        248          0          0          0       3204   fz_wm.l
      3746        340        144          0          0       1520   m_wm.l

    ----------------------------------------------------------------------
      8740        682        144          0        100       7324   Library Totals

    ----------------------------------------------------------------------

==============================================================================


      Code (inc. data)   RO Data    RW Data    ZI Data      Debug   

     18962       1490        598         76       4412     806146   Grand Totals
     18962       1490        598         76       4412     806146   ELF Image Totals
     18962       1490        598         76          0          0   ROM Totals

==============================================================================

    Total RO  Size (Code + RO Data)                19560 (  19.10kB)
    Total RW  Size (RW Data + ZI Data)              4488 (   4.38kB)
    Total ROM Size (Code + RO Data + RW Data)      19636 (  19.18kB)

==============================================================================

